Archive member included to satisfy reference by file (symbol)

c:/rt-threadstudio/repo/extract/toolchain_support_packages/arm/gnu_tools_for_arm_embedded_processors/10.2.1/bin/../lib/gcc/arm-none-eabi/10.2.1/../../../../arm-none-eabi/lib/thumb/v8-m.main+dp/hard\libc.a(lib_a-atoi.o)
                              ./rt-thread/components/drivers/misc/pin.o (atoi)
c:/rt-threadstudio/repo/extract/toolchain_support_packages/arm/gnu_tools_for_arm_embedded_processors/10.2.1/bin/../lib/gcc/arm-none-eabi/10.2.1/../../../../arm-none-eabi/lib/thumb/v8-m.main+dp/hard\libc.a(lib_a-ctype_.o)
                              ./rt-thread/components/libc/compilers/common/cstring.o (_ctype_)
c:/rt-threadstudio/repo/extract/toolchain_support_packages/arm/gnu_tools_for_arm_embedded_processors/10.2.1/bin/../lib/gcc/arm-none-eabi/10.2.1/../../../../arm-none-eabi/lib/thumb/v8-m.main+dp/hard\libc.a(lib_a-exit.o)
                              c:/rt-threadstudio/repo/extract/toolchain_support_packages/arm/gnu_tools_for_arm_embedded_processors/10.2.1/bin/../lib/gcc/arm-none-eabi/10.2.1/../../../../arm-none-eabi/lib/thumb/v8-m.main+dp/hard/crt0.o (exit)
c:/rt-threadstudio/repo/extract/toolchain_support_packages/arm/gnu_tools_for_arm_embedded_processors/10.2.1/bin/../lib/gcc/arm-none-eabi/10.2.1/../../../../arm-none-eabi/lib/thumb/v8-m.main+dp/hard\libc.a(lib_a-impure.o)
                              c:/rt-threadstudio/repo/extract/toolchain_support_packages/arm/gnu_tools_for_arm_embedded_processors/10.2.1/bin/../lib/gcc/arm-none-eabi/10.2.1/../../../../arm-none-eabi/lib/thumb/v8-m.main+dp/hard\libc.a(lib_a-exit.o) (_global_impure_ptr)
c:/rt-threadstudio/repo/extract/toolchain_support_packages/arm/gnu_tools_for_arm_embedded_processors/10.2.1/bin/../lib/gcc/arm-none-eabi/10.2.1/../../../../arm-none-eabi/lib/thumb/v8-m.main+dp/hard\libc.a(lib_a-malloc.o)
                              ./rt-thread/components/libc/compilers/common/cstring.o (malloc)
c:/rt-threadstudio/repo/extract/toolchain_support_packages/arm/gnu_tools_for_arm_embedded_processors/10.2.1/bin/../lib/gcc/arm-none-eabi/10.2.1/../../../../arm-none-eabi/lib/thumb/v8-m.main+dp/hard\libc.a(lib_a-memcmp.o)
                              ./rt-thread/components/finsh/shell.o (memcmp)
c:/rt-threadstudio/repo/extract/toolchain_support_packages/arm/gnu_tools_for_arm_embedded_processors/10.2.1/bin/../lib/gcc/arm-none-eabi/10.2.1/../../../../arm-none-eabi/lib/thumb/v8-m.main+dp/hard\libc.a(lib_a-memcpy.o)
                              ./ra/fsp/src/r_sci_b_uart/r_sci_b_uart.o (memcpy)
c:/rt-threadstudio/repo/extract/toolchain_support_packages/arm/gnu_tools_for_arm_embedded_processors/10.2.1/bin/../lib/gcc/arm-none-eabi/10.2.1/../../../../arm-none-eabi/lib/thumb/v8-m.main+dp/hard\libc.a(lib_a-memset.o)
                              c:/rt-threadstudio/repo/extract/toolchain_support_packages/arm/gnu_tools_for_arm_embedded_processors/10.2.1/bin/../lib/gcc/arm-none-eabi/10.2.1/../../../../arm-none-eabi/lib/thumb/v8-m.main+dp/hard/crt0.o (memset)
c:/rt-threadstudio/repo/extract/toolchain_support_packages/arm/gnu_tools_for_arm_embedded_processors/10.2.1/bin/../lib/gcc/arm-none-eabi/10.2.1/../../../../arm-none-eabi/lib/thumb/v8-m.main+dp/hard\libc.a(lib_a-strchr.o)
                              ./rt-thread/components/libc/compilers/common/cstring.o (strchr)
c:/rt-threadstudio/repo/extract/toolchain_support_packages/arm/gnu_tools_for_arm_embedded_processors/10.2.1/bin/../lib/gcc/arm-none-eabi/10.2.1/../../../../arm-none-eabi/lib/thumb/v8-m.main+dp/hard\libc.a(lib_a-strcmp.o)
                              ./rt-thread/components/finsh/msh.o (strcmp)
c:/rt-threadstudio/repo/extract/toolchain_support_packages/arm/gnu_tools_for_arm_embedded_processors/10.2.1/bin/../lib/gcc/arm-none-eabi/10.2.1/../../../../arm-none-eabi/lib/thumb/v8-m.main+dp/hard\libc.a(lib_a-strcpy.o)
                              ./rt-thread/components/libc/compilers/common/cstring.o (strcpy)
c:/rt-threadstudio/repo/extract/toolchain_support_packages/arm/gnu_tools_for_arm_embedded_processors/10.2.1/bin/../lib/gcc/arm-none-eabi/10.2.1/../../../../arm-none-eabi/lib/thumb/v8-m.main+dp/hard\libc.a(lib_a-strlen-stub.o)
                              ./rt-thread/components/libc/compilers/common/cstring.o (strlen)
c:/rt-threadstudio/repo/extract/toolchain_support_packages/arm/gnu_tools_for_arm_embedded_processors/10.2.1/bin/../lib/gcc/arm-none-eabi/10.2.1/../../../../arm-none-eabi/lib/thumb/v8-m.main+dp/hard\libc.a(lib_a-strncmp.o)
                              ./rt-thread/components/finsh/msh.o (strncmp)
c:/rt-threadstudio/repo/extract/toolchain_support_packages/arm/gnu_tools_for_arm_embedded_processors/10.2.1/bin/../lib/gcc/arm-none-eabi/10.2.1/../../../../arm-none-eabi/lib/thumb/v8-m.main+dp/hard\libc.a(lib_a-strncpy.o)
                              ./rt-thread/components/finsh/msh.o (strncpy)
[...]
Memory Configuration

Name             Origin             Length             Attributes
ITCM             0x00000000         0x00010000         xr
DTCM             0x20000000         0x00010000         xrw
FLASH            0x02000000         0x001f8000         xr
RAM              0x22000000         0x000e0000         xrw
DATA_FLASH       0x27000000         0x00003000         xr
QSPI_FLASH       0x60000000         0x00000000         xr
OSPI_DEVICE_0    0x80000000         0x10000000         xr
OSPI_DEVICE_1    0x90000000         0x10000000         xr
OSPI_DEVICE_0_RAM 0x80000000         0x10000000         xrw
OSPI_DEVICE_1_RAM 0x90000000         0x10000000         xrw
SDRAM            0x68000000         0x08000000         xrw
OPTION_SETTING   0x0300a100         0x00000100         r
OPTION_SETTING_OFS 0x0300a100         0x00000018         r
OPTION_SETTING_SAS 0x0300a134         0x000000cc         r
OPTION_SETTING_S 0x0300a200         0x00000100         r
OPTION_SETTING_DATA_FLASH_S 0x27030080         0x00000800         r
ID_CODE          0x00000000         0x00000000         xr
*default*        0x00000000         0xffffffff

Linker script and memory map

LOAD c:/rt-threadstudio/repo/extract/toolchain_support_packages/arm/gnu_tools_for_arm_embedded_processors/10.2.1/bin/../lib/gcc/arm-none-eabi/10.2.1/thumb/v8-m.main+dp/hard/crti.o
LOAD c:/rt-threadstudio/repo/extract/toolchain_support_packages/arm/gnu_tools_for_arm_embedded_processors/10.2.1/bin/../lib/gcc/arm-none-eabi/10.2.1/thumb/v8-m.main+dp/hard/crtbegin.o
LOAD c:/rt-threadstudio/repo/extract/toolchain_support_packages/arm/gnu_tools_for_arm_embedded_processors/10.2.1/bin/../lib/gcc/arm-none-eabi/10.2.1/../../../../arm-none-eabi/lib/thumb/v8-m.main+dp/hard/crt0.o
LOAD ./src/hal_entry.o
LOAD ./rt-thread/src/clock.o
LOAD ./rt-thread/src/components.o
LOAD ./rt-thread/src/idle.o
LOAD ./rt-thread/src/ipc.o
LOAD ./rt-thread/src/irq.o
LOAD ./rt-thread/src/kservice.o
LOAD ./rt-thread/src/memheap.o
LOAD ./rt-thread/src/mempool.o
LOAD ./rt-thread/src/object.o
LOAD ./rt-thread/src/scheduler_up.o
LOAD ./rt-thread/src/thread.o
LOAD ./rt-thread/src/timer.o
LOAD ./rt-thread/libcpu/arm/cortex-m85/context_gcc.o
LOAD ./rt-thread/libcpu/arm/cortex-m85/cpuport.o
LOAD ./rt-thread/libcpu/arm/common/atomic_arm.o
LOAD ./rt-thread/libcpu/arm/common/div0.o
LOAD ./rt-thread/libcpu/arm/common/showmem.o
LOAD ./rt-thread/components/libc/compilers/newlib/syscalls.o
LOAD ./rt-thread/components/libc/compilers/common/cctype.o
LOAD ./rt-thread/components/libc/compilers/common/cstdlib.o
LOAD ./rt-thread/components/libc/compilers/common/cstring.o
LOAD ./rt-thread/components/libc/compilers/common/ctime.o
LOAD ./rt-thread/components/libc/compilers/common/cunistd.o
LOAD ./rt-thread/components/libc/compilers/common/cwchar.o
LOAD ./rt-thread/components/finsh/cmd.o
LOAD ./rt-thread/components/finsh/msh.o
LOAD ./rt-thread/components/finsh/msh_parse.o
LOAD ./rt-thread/components/finsh/shell.o
LOAD ./rt-thread/components/drivers/serial/serial_v2.o
LOAD ./rt-thread/components/drivers/misc/pin.o
LOAD ./rt-thread/components/drivers/ipc/completion.o
LOAD ./rt-thread/components/drivers/ipc/dataqueue.o
LOAD ./rt-thread/components/drivers/ipc/pipe.o
LOAD ./rt-thread/components/drivers/ipc/ringblk_buf.o
LOAD ./rt-thread/components/drivers/ipc/ringbuffer.o
LOAD ./rt-thread/components/drivers/ipc/waitqueue.o
LOAD ./rt-thread/components/drivers/ipc/workqueue.o
LOAD ./rt-thread/components/drivers/core/device.o
LOAD ./ra_gen/common_data.o
LOAD ./ra_gen/hal_data.o
LOAD ./ra_gen/main.o
LOAD ./ra_gen/pin_data.o
LOAD ./ra_gen/vector_data.o
LOAD ./ra/fsp/src/r_sci_b_uart/r_sci_b_uart.o
LOAD ./ra/fsp/src/r_ioport/r_ioport.o
LOAD ./ra/fsp/src/bsp/mcu/all/bsp_clocks.o
LOAD ./ra/fsp/src/bsp/mcu/all/bsp_common.o
LOAD ./ra/fsp/src/bsp/mcu/all/bsp_delay.o
LOAD ./ra/fsp/src/bsp/mcu/all/bsp_group_irq.o
LOAD ./ra/fsp/src/bsp/mcu/all/bsp_guard.o
LOAD ./ra/fsp/src/bsp/mcu/all/bsp_io.o
LOAD ./ra/fsp/src/bsp/mcu/all/bsp_irq.o
LOAD ./ra/fsp/src/bsp/mcu/all/bsp_register_protection.o
LOAD ./ra/fsp/src/bsp/mcu/all/bsp_rom_registers.o
LOAD ./ra/fsp/src/bsp/mcu/all/bsp_sbrk.o
LOAD ./ra/fsp/src/bsp/mcu/all/bsp_security.o
LOAD ./ra/fsp/src/bsp/cmsis/Device/RENESAS/Source/startup.o
LOAD ./ra/fsp/src/bsp/cmsis/Device/RENESAS/Source/system.o
LOAD ./libraries/HAL_Drivers/drv_common.o
LOAD ./libraries/HAL_Drivers/drv_gpio.o
LOAD ./libraries/HAL_Drivers/drv_usart_v2.o
LOAD ./board/ports/drv_sdram.o
LOAD ./board/ports/mnt.o
LOAD ./board/ra8_it.o
LOAD c:/rt-threadstudio/repo/extract/toolchain_support_packages/arm/gnu_tools_for_arm_embedded_processors/10.2.1/bin/../lib/gcc/arm-none-eabi/10.2.1/../../../../arm-none-eabi/lib/thumb/v8-m.main+dp/hard\libc.a
LOAD c:/rt-threadstudio/repo/extract/toolchain_support_packages/arm/gnu_tools_for_arm_embedded_processors/10.2.1/bin/../lib/gcc/arm-none-eabi/10.2.1/../../../../arm-none-eabi/lib/thumb/v8-m.main+dp/hard\libm.a
START GROUP
LOAD c:/rt-threadstudio/repo/extract/toolchain_support_packages/arm/gnu_tools_for_arm_embedded_processors/10.2.1/bin/../lib/gcc/arm-none-eabi/10.2.1/thumb/v8-m.main+dp/hard\libgcc.a
LOAD c:/rt-threadstudio/repo/extract/toolchain_support_packages/arm/gnu_tools_for_arm_embedded_processors/10.2.1/bin/../lib/gcc/arm-none-eabi/10.2.1/../../../../arm-none-eabi/lib/thumb/v8-m.main+dp/hard\libg.a
LOAD c:/rt-threadstudio/repo/extract/toolchain_support_packages/arm/gnu_tools_for_arm_embedded_processors/10.2.1/bin/../lib/gcc/arm-none-eabi/10.2.1/../../../../arm-none-eabi/lib/thumb/v8-m.main+dp/hard\libc.a
END GROUP
LOAD c:/rt-threadstudio/repo/extract/toolchain_support_packages/arm/gnu_tools_for_arm_embedded_processors/10.2.1/bin/../lib/gcc/arm-none-eabi/10.2.1/thumb/v8-m.main+dp/hard/crtend.o
LOAD c:/rt-threadstudio/repo/extract/toolchain_support_packages/arm/gnu_tools_for_arm_embedded_processors/10.2.1/bin/../lib/gcc/arm-none-eabi/10.2.1/thumb/v8-m.main+dp/hard/crtn.o
                0x22000000                RAM_START = 0x22000000
                0x000e0000                RAM_LENGTH = 0xe0000
                0x02000000                FLASH_START = 0x2000000
                0x001f8000                FLASH_LENGTH = 0x1f8000
                0x27000000                DATA_FLASH_START = 0x27000000
                0x00003000                DATA_FLASH_LENGTH = 0x3000
                0x0300a100                OPTION_SETTING_START = 0x300a100
                0x00000100                OPTION_SETTING_LENGTH = 0x100
                0x0300a200                OPTION_SETTING_S_START = 0x300a200
                0x00000100                OPTION_SETTING_S_LENGTH = 0x100
                0x27030080                OPTION_SETTING_DATA_FLASH_S_START = 0x27030080
                0x00000800                OPTION_SETTING_DATA_FLASH_S_LENGTH = 0x800
                0x00000000                ID_CODE_START = 0x0
                0x00000000                ID_CODE_LENGTH = 0x0
                0x68000000                SDRAM_START = 0x68000000
                0x08000000                SDRAM_LENGTH = 0x8000000
                0x60000000                QSPI_FLASH_START = 0x60000000
                0x00000000                QSPI_FLASH_LENGTH = 0x0
                0x80000000                OSPI_DEVICE_0_START = 0x80000000
                0x10000000                OSPI_DEVICE_0_LENGTH = 0x10000000
                0x90000000                OSPI_DEVICE_1_START = 0x90000000
                0x10000000                OSPI_DEVICE_1_LENGTH = 0x10000000
                0x00000000                ITCM_START = 0x0
                0x00010000                ITCM_LENGTH = 0x10000
                0x20000000                DTCM_START = 0x20000000
                0x00010000                DTCM_LENGTH = 0x10000
                0x10000000                NS_OFFSET_START = 0x10000000
                0x00000000                NS_OFFSET_LENGTH = 0x0
                0x00000000                QSPI_FLASH_PRV_LENGTH = DEFINED (QSPI_FLASH_SIZE)?ABSOLUTE (QSPI_FLASH_SIZE):ABSOLUTE (QSPI_FLASH_LENGTH)
                0x10000000                OSPI_DEVICE_0_PRV_LENGTH = DEFINED (OSPI_DEVICE_0_SIZE)?ABSOLUTE (OSPI_DEVICE_0_SIZE):ABSOLUTE (OSPI_DEVICE_0_LENGTH)
                0x10000000                OSPI_DEVICE_1_PRV_LENGTH = DEFINED (OSPI_DEVICE_1_SIZE)?ABSOLUTE (OSPI_DEVICE_1_SIZE):ABSOLUTE (OSPI_DEVICE_1_LENGTH)
                0x00000000                __RESERVE_NS_RAM = ((! (DEFINED (PROJECT_NONSECURE)) && DEFINED (RAM_NS_BUFFER_LENGTH)) && (OPTION_SETTING_S_LENGTH != 0x0))
                0x00000000                ITCM_START = DEFINED (ITCM_START)?ITCM_START:0x0
                0x00010000                ITCM_LENGTH = DEFINED (ITCM_LENGTH)?ITCM_LENGTH:0x0
                0x20000000                DTCM_START = DEFINED (DTCM_START)?DTCM_START:0x0
                0x00010000                DTCM_LENGTH = DEFINED (DTCM_LENGTH)?DTCM_LENGTH:0x0
                0x00000000                RAM_NS_BUFFER_BLOCK_LENGTH = DEFINED (RAM_NS_BUFFER_LENGTH)?ALIGN (RAM_NS_BUFFER_LENGTH, 0x2000):0x0
                0x00000000                RAM_NS_BUFFER_LENGTH = DEFINED (RAM_NS_BUFFER_LENGTH)?RAM_NS_BUFFER_LENGTH:0x0
                0x220e0000                RAM_NS_BUFFER_START = ((RAM_START + RAM_LENGTH) - RAM_NS_BUFFER_LENGTH)
                0x220e0000                RAM_NS_BUFFER_BLOCK_START = ((RAM_START + RAM_LENGTH) - RAM_NS_BUFFER_BLOCK_LENGTH)
                0x0300a180                OPTION_SETTING_START_NS = DEFINED (PROJECT_NONSECURE)?OPTION_SETTING_START:(OPTION_SETTING_START + 0x80)
                0x27030080                OPTION_SETTING_DATA_FLASH_S_START = DEFINED (OPTION_SETTING_DATA_FLASH_S_START)?OPTION_SETTING_DATA_FLASH_S_START:0x0
                0x00000800                OPTION_SETTING_DATA_FLASH_S_LENGTH = DEFINED (OPTION_SETTING_DATA_FLASH_S_LENGTH)?OPTION_SETTING_DATA_FLASH_S_LENGTH:0x0
                0x00000001                __bl_FSP_BOOTABLE_IMAGE = 0x1
                0x00000001                __bln_FSP_BOOTABLE_IMAGE = 0x1
                0x00000001                PROJECT_SECURE_OR_FLAT = (((! (DEFINED (PROJECT_NONSECURE)) || DEFINED (PROJECT_SECURE)) && OPTION_SETTING_LENGTH) && ! (DEFINED (FSP_BOOTABLE_IMAGE)))
                0x00000000                USE_OPTION_SETTING_NS = (DEFINED (PROJECT_NONSECURE) && ! (DEFINED (FSP_BOOTABLE_IMAGE)))
                0x00000001                USE_OPTION_SETTING_DATA_FLASH = (PROJECT_SECURE_OR_FLAT && (OPTION_SETTING_DATA_FLASH_S_LENGTH != 0x0))
                0x00000000                __bl_FLASH_IMAGE_START = ! (DEFINED (FLASH_BOOTLOADER_LENGTH))?0x0:(FLASH_APPLICATION_IMAGE_NUMBER == 0x1)?((FLASH_START + FLASH_BOOTLOADER_LENGTH) + FLASH_BOOTLOADER_HEADER_LENGTH):((((FLASH_START + FLASH_BOOTLOADER_LENGTH) + FLASH_BOOTLOADER_SCRATCH_LENGTH) + FLASH_APPLICATION_S_LENGTH) + FLASH_BOOTLOADER_HEADER_LENGTH)
                0x00000000                __bl_FLASH_IMAGE_LENGTH = ! (DEFINED (FLASH_BOOTLOADER_LENGTH))?0x0:(FLASH_APPLICATION_S_LENGTH - FLASH_BOOTLOADER_HEADER_LENGTH)
                0x00000000                __bl_FLASH_IMAGE_END = (__bl_FLASH_IMAGE_START + __bl_FLASH_IMAGE_LENGTH)
                0x00000000                __bl_XIP_SECONDARY_FLASH_IMAGE_START = ! (DEFINED (FLASH_BOOTLOADER_LENGTH))?0x0:((FLASH_BOOTLOADER_LENGTH + FLASH_APPLICATION_S_LENGTH) + FLASH_BOOTLOADER_HEADER_LENGTH)
                0x00000000                __bl_XIP_SECONDARY_FLASH_IMAGE_END = (__bl_XIP_SECONDARY_FLASH_IMAGE_START + __bl_FLASH_IMAGE_LENGTH)
                0x00000000                __bl_FLASH_NS_START = ! (DEFINED (FLASH_BOOTLOADER_LENGTH))?0x0:(FLASH_APPLICATION_NS_LENGTH == 0x0)?__bl_FLASH_IMAGE_END:((__bl_FLASH_IMAGE_START - FLASH_BOOTLOADER_HEADER_LENGTH) + FLASH_APPLICATION_S_LENGTH)
                0x00000000                __bl_FLASH_NSC_START = ! (DEFINED (FLASH_BOOTLOADER_LENGTH))?0x0:(FLASH_APPLICATION_NS_LENGTH == 0x0)?__bl_FLASH_IMAGE_END:(__bl_FLASH_IMAGE_END - FLASH_APPLICATION_NSC_LENGTH)
                0x00000000                __bl_RAM_NS_START = ! (DEFINED (FLASH_BOOTLOADER_LENGTH))?0x0:(FLASH_APPLICATION_NS_LENGTH == 0x0)?(RAM_START + RAM_LENGTH):((RAM_START + RAM_LENGTH) - RAM_APPLICATION_NS_LENGTH)
                0x00000000                __bl_RAM_NSC_START = ! (DEFINED (FLASH_BOOTLOADER_LENGTH))?0x0:(FLASH_APPLICATION_NS_LENGTH == 0x0)?(RAM_START + RAM_LENGTH):(__bl_RAM_NS_START - RAM_APPLICATION_NSC_LENGTH)
                0x00000000                __bl_FLASH_NS_IMAGE_START = ! (DEFINED (FLASH_BOOTLOADER_LENGTH))?0x0:(FLASH_APPLICATION_NS_LENGTH == 0x0)?__bl_FLASH_IMAGE_END:(__bl_FLASH_NS_START + FLASH_BOOTLOADER_HEADER_LENGTH_2)
                0x10000000                __bln_FLASH_IMAGE_START = (__bl_FLASH_NS_IMAGE_START | ! (DEFINED (NS_OFFSET_START))?0x0:NS_OFFSET_START)
                0x00000000                __bln_FLASH_IMAGE_LENGTH = ! (DEFINED (FLASH_BOOTLOADER_LENGTH))?0x0:(FLASH_APPLICATION_NS_LENGTH == 0x0)?__bl_FLASH_IMAGE_END:(FLASH_APPLICATION_NS_LENGTH - FLASH_BOOTLOADER_HEADER_LENGTH_2)
                0x00000000                XIP_SECONDARY_SLOT_IMAGE = DEFINED (XIP_SECONDARY_SLOT_IMAGE)?XIP_SECONDARY_SLOT_IMAGE:0x0
                0x02000000                FLASH_ORIGIN = ! (DEFINED (FLASH_IMAGE_START))?FLASH_START:(XIP_SECONDARY_SLOT_IMAGE == 0x1)?XIP_SECONDARY_FLASH_IMAGE_START:FLASH_IMAGE_START
                0x001f8000                LIMITED_FLASH_LENGTH = DEFINED (FLASH_IMAGE_LENGTH)?FLASH_IMAGE_LENGTH:DEFINED (FLASH_BOOTLOADER_LENGTH)?FLASH_BOOTLOADER_LENGTH:FLASH_LENGTH
                0x00000034                OPTION_SETTING_SAS_SIZE = 0x34
                0x000000cc                OPTION_SETTING_SAS_LENGTH = ! (DEFINED (OPTION_SETTING_LENGTH))?0x0:(OPTION_SETTING_LENGTH == 0x0)?0x0:(OPTION_SETTING_LENGTH - OPTION_SETTING_SAS_SIZE)
START GROUP
LOAD c:/rt-threadstudio/repo/extract/toolchain_support_packages/arm/gnu_tools_for_arm_embedded_processors/10.2.1/bin/../lib/gcc/arm-none-eabi/10.2.1/thumb/v8-m.main+dp/hard\libgcc.a
LOAD c:/rt-threadstudio/repo/extract/toolchain_support_packages/arm/gnu_tools_for_arm_embedded_processors/10.2.1/bin/../lib/gcc/arm-none-eabi/10.2.1/../../../../arm-none-eabi/lib/thumb/v8-m.main+dp/hard\libc.a
LOAD c:/rt-threadstudio/repo/extract/toolchain_support_packages/arm/gnu_tools_for_arm_embedded_processors/10.2.1/bin/../lib/gcc/arm-none-eabi/10.2.1/../../../../arm-none-eabi/lib/thumb/v8-m.main+dp/hard\libm.a
END GROUP

.text           0x02000000     0xf5cc
                0x02000000                __tz_FLASH_S = ABSOLUTE (FLASH_START)
                0x02000000                __ROM_Start = .
 *(.fixed_vectors*)
 .fixed_vectors
                0x02000000       0x40 ./ra/fsp/src/bsp/cmsis/Device/RENESAS/Source/startup.o
                0x02000000                __Vectors
 *(.application_vectors*)
 .application_vectors
                0x02000040      0x180 ./ra_gen/vector_data.o
                0x02000040                g_vector_table
                0x020001c0                __Vectors_End = .
                0x020001c0                . = (OPTION_SETTING_LENGTH > 0x0)?.:(__ROM_Start + 0x400)
 *(.rom_registers*)
                0x020001c0                . = (OPTION_SETTING_LENGTH > 0x0)?.:(__ROM_Start + 0x500)
                0x02000200                . = ALIGN (0x80)
 *fill*         0x020001c0       0x40 ff
 *(.mcuboot_sce9_key*)
 *(.text*)
 .text          0x02000200       0x40 c:/rt-threadstudio/repo/extract/toolchain_support_packages/arm/gnu_tools_for_arm_embedded_processors/10.2.1/bin/../lib/gcc/arm-none-eabi/10.2.1/thumb/v8-m.main+dp/hard/crtbegin.o
 .text.hal_entry
                0x02000240       0x34 ./src/hal_entry.o
                0x02000240                hal_entry
 .text.rt_tick_get
                0x02000274       0x18 ./rt-thread/src/clock.o
                0x02000274                rt_tick_get
 .text.rt_tick_increase
                0x0200028c       0x7c ./rt-thread/src/clock.o
                0x0200028c                rt_tick_increase
 .text.rt_tick_from_millisecond
                0x02000308       0x78 ./rt-thread/src/clock.o
                0x02000308                rt_tick_from_millisecond
 .text.rti_start
                0x02000380       0x10 ./rt-thread/src/components.o
 .text.rti_board_start
                0x02000390       0x10 ./rt-thread/src/components.o
 .text.rti_board_end
                0x020003a0       0x10 ./rt-thread/src/components.o
 .text.rti_end  0x020003b0       0x10 ./rt-thread/src/components.o
 .text.rt_components_board_init
                0x020003c0       0x34 ./rt-thread/src/components.o
                0x020003c0                rt_components_board_init
 .text.rt_components_init
                0x020003f4       0x34 ./rt-thread/src/components.o
                0x020003f4                rt_components_init
 .text.entry    0x02000428        0xe ./rt-thread/src/components.o
                0x02000428                entry
 .text.main_thread_entry
                0x02000436       0x18 ./rt-thread/src/components.o
                0x02000436                main_thread_entry
 *fill*         0x0200044e        0x2 ff
 .text.rt_application_init
                0x02000450       0x4c ./rt-thread/src/components.o
                0x02000450                rt_application_init
 .text.rtthread_startup
                0x0200049c       0x2e ./rt-thread/src/components.o
                0x0200049c                rtthread_startup
 .text.rt_list_insert_after
                0x020004ca       0x32 ./rt-thread/src/idle.o
 .text.rt_list_remove
                0x020004fc       0x36 ./rt-thread/src/idle.o
 *fill*         0x02000532        0x2 ff
 .text.rt_thread_defunct_enqueue
                0x02000534       0x20 ./rt-thread/src/idle.o
                0x02000534                rt_thread_defunct_enqueue
 .text.rt_thread_defunct_dequeue
                0x02000554       0x44 ./rt-thread/src/idle.o
                0x02000554                rt_thread_defunct_dequeue
 .text.rt_defunct_execute
                0x02000598       0x5c ./rt-thread/src/idle.o
 .text.idle_thread_entry
                0x020005f4       0x38 ./rt-thread/src/idle.o
 .text.rt_thread_idle_init
                0x0200062c       0x80 ./rt-thread/src/idle.o
                0x0200062c                rt_thread_idle_init
 .text.rt_list_init
                0x020006ac       0x22 ./rt-thread/src/ipc.o
 .text.rt_list_insert_after
                0x020006ce       0x32 ./rt-thread/src/ipc.o
 .text.rt_list_insert_before
                0x02000700       0x32 ./rt-thread/src/ipc.o
 .text.rt_list_remove
                0x02000732       0x36 ./rt-thread/src/ipc.o
 .text.rt_list_isempty
                0x02000768       0x24 ./rt-thread/src/ipc.o
 .text._ipc_object_init
                0x0200078c       0x1c ./rt-thread/src/ipc.o
 .text._ipc_list_suspend
                0x020007a8       0xc4 ./rt-thread/src/ipc.o
 .text._ipc_list_resume
                0x0200086c       0x26 ./rt-thread/src/ipc.o
 *fill*         0x02000892        0x2 ff
 .text.rt_sem_init
                0x02000894       0x88 ./rt-thread/src/ipc.o
                0x02000894                rt_sem_init
 .text._rt_sem_take
                0x0200091c      0x1d8 ./rt-thread/src/ipc.o
 .text.rt_sem_take
                0x02000af4       0x1e ./rt-thread/src/ipc.o
                0x02000af4                rt_sem_take
 *fill*         0x02000b12        0x2 ff
 .text.rt_sem_release
                0x02000b14       0xc0 ./rt-thread/src/ipc.o
                0x02000b14                rt_sem_release
 .text._mutex_update_priority
                0x02000bd4       0x44 ./rt-thread/src/ipc.o
 .text._thread_get_mutex_priority
                0x02000c18       0x68 ./rt-thread/src/ipc.o
 .text._thread_update_priority
                0x02000c80       0xd2 ./rt-thread/src/ipc.o
 *fill*         0x02000d52        0x2 ff
 .text.rt_mutex_init
                0x02000d54       0x74 ./rt-thread/src/ipc.o
                0x02000d54                rt_mutex_init
 .text.rt_mutex_drop_thread
                0x02000dc8       0x9c ./rt-thread/src/ipc.o
                0x02000dc8                rt_mutex_drop_thread
 .text._rt_mutex_take
                0x02000e64      0x32c ./rt-thread/src/ipc.o
 .text.rt_mutex_take
                0x02001190       0x1e ./rt-thread/src/ipc.o
                0x02001190                rt_mutex_take
 *fill*         0x020011ae        0x2 ff
 .text.rt_mutex_release
                0x020011b0      0x1ec ./rt-thread/src/ipc.o
                0x020011b0                rt_mutex_release
 .text.rt_interrupt_enter
                0x0200139c       0x40 ./rt-thread/src/irq.o
                0x0200139c                rt_interrupt_enter
 .text.rt_interrupt_leave
                0x020013dc       0x40 ./rt-thread/src/irq.o
                0x020013dc                rt_interrupt_leave
 .text.rt_interrupt_get_nest
                0x0200141c       0x28 ./rt-thread/src/irq.o
                0x0200141c                rt_interrupt_get_nest
 .text.rt_hw_interrupt_is_disabled
                0x02001444       0x10 ./rt-thread/src/irq.o
                0x02001444                rt_hw_interrupt_is_disabled
 .text.rt_strerror
                0x02001454       0x58 ./rt-thread/src/kservice.o
                0x02001454                rt_strerror
 .text.rt_set_errno
                0x020014ac       0x44 ./rt-thread/src/kservice.o
                0x020014ac                rt_set_errno
 .text._rt_errno
                0x020014f0       0x38 ./rt-thread/src/kservice.o
                0x020014f0                _rt_errno
 .text.rt_memset
                0x02001528       0xc8 ./rt-thread/src/kservice.o
                0x02001528                rt_memset
 .text.rt_memcpy
                0x020015f0       0xda ./rt-thread/src/kservice.o
                0x020015f0                rt_memcpy
 .text.rt_memmove
                0x020016ca       0x82 ./rt-thread/src/kservice.o
                0x020016ca                rt_memmove
 .text.rt_strncpy
                0x0200174c       0x64 ./rt-thread/src/kservice.o
                0x0200174c                rt_strncpy
 .text.rt_strncmp
                0x020017b0       0x54 ./rt-thread/src/kservice.o
                0x020017b0                rt_strncmp
 .text.rt_strcmp
                0x02001804       0x44 ./rt-thread/src/kservice.o
                0x02001804                rt_strcmp
 .text.rt_strlen
                0x02001848       0x32 ./rt-thread/src/kservice.o
                0x02001848                rt_strlen
 *fill*         0x0200187a        0x2 ff
 .text.rt_show_version
                0x0200187c       0x4c ./rt-thread/src/kservice.o
                0x0200187c                rt_show_version
 .text.divide   0x020018c8       0x38 ./rt-thread/src/kservice.o
 .text.skip_atoi
                0x02001900       0x46 ./rt-thread/src/kservice.o
 *fill*         0x02001946        0x2 ff
 .text.print_number
                0x02001948      0x348 ./rt-thread/src/kservice.o
 .text.rt_vsnprintf
                0x02001c90      0x59c ./rt-thread/src/kservice.o
                0x02001c90                rt_vsnprintf
 .text.rt_snprintf
                0x0200222c       0x34 ./rt-thread/src/kservice.o
                0x0200222c                rt_snprintf
 .text.rt_console_get_device
                0x02002260       0x18 ./rt-thread/src/kservice.o
                0x02002260                rt_console_get_device
 .text.rt_console_set_device
                0x02002278       0x58 ./rt-thread/src/kservice.o
                0x02002278                rt_console_set_device
 .text.rt_hw_console_output
                0x020022d0       0x14 ./rt-thread/src/kservice.o
                0x020022d0                rt_hw_console_output
 .text.rt_kprintf
                0x020022e4       0x64 ./rt-thread/src/kservice.o
                0x020022e4                rt_kprintf
 .text._heap_lock_init
                0x02002348       0x1c ./rt-thread/src/kservice.o
 .text._heap_lock
                0x02002364       0x28 ./rt-thread/src/kservice.o
 .text._heap_unlock
                0x0200238c       0x40 ./rt-thread/src/kservice.o
 .text.rt_system_heap_init
                0x020023cc       0x5c ./rt-thread/src/kservice.o
                0x020023cc                rt_system_heap_init
 .text.rt_malloc
                0x02002428       0x44 ./rt-thread/src/kservice.o
                0x02002428                rt_malloc
 .text.rt_calloc
                0x0200246c       0x3c ./rt-thread/src/kservice.o
                0x0200246c                rt_calloc
 .text.rt_free  0x020024a8       0x40 ./rt-thread/src/kservice.o
                0x020024a8                rt_free
 .text.rt_assert_handler
                0x020024e8       0x4c ./rt-thread/src/kservice.o
                0x020024e8                rt_assert_handler
 .text.rt_memheap_init
                0x02002534      0x148 ./rt-thread/src/memheap.o
                0x02002534                rt_memheap_init
 .text.rt_memheap_alloc
                0x0200267c      0x20c ./rt-thread/src/memheap.o
                0x0200267c                rt_memheap_alloc
 .text.rt_memheap_free
                0x02002888      0x1c0 ./rt-thread/src/memheap.o
                0x02002888                rt_memheap_free
 .text._memheap_alloc
                0x02002a48       0x88 ./rt-thread/src/memheap.o
                0x02002a48                _memheap_alloc
 .text._memheap_free
                0x02002ad0       0x16 ./rt-thread/src/memheap.o
                0x02002ad0                _memheap_free
 .text.rt_list_insert_after
                0x02002ae6       0x32 ./rt-thread/src/object.o
 .text.rt_list_remove
                0x02002b18       0x36 ./rt-thread/src/object.o
 *fill*         0x02002b4e        0x2 ff
 .text.rt_object_get_information
                0x02002b50       0x48 ./rt-thread/src/object.o
                0x02002b50                rt_object_get_information
 .text.rt_object_init
                0x02002b98       0xc4 ./rt-thread/src/object.o
                0x02002b98                rt_object_init
 .text.rt_object_detach
                0x02002c5c       0x5c ./rt-thread/src/object.o
                0x02002c5c                rt_object_detach
 .text.rt_object_allocate
                0x02002cb8       0xd8 ./rt-thread/src/object.o
                0x02002cb8                rt_object_allocate
 .text.rt_object_delete
                0x02002d90       0x7c ./rt-thread/src/object.o
                0x02002d90                rt_object_delete
 .text.rt_object_is_systemobject
                0x02002e0c       0x3c ./rt-thread/src/object.o
                0x02002e0c                rt_object_is_systemobject
 .text.rt_object_get_type
                0x02002e48       0x34 ./rt-thread/src/object.o
                0x02002e48                rt_object_get_type
 .text.rt_object_find
                0x02002e7c       0xb4 ./rt-thread/src/object.o
                0x02002e7c                rt_object_find
 .text.rt_list_init
                0x02002f30       0x22 ./rt-thread/src/scheduler_up.o
 .text.rt_list_insert_after
                0x02002f52       0x32 ./rt-thread/src/scheduler_up.o
 .text.rt_list_insert_before
                0x02002f84       0x32 ./rt-thread/src/scheduler_up.o
 .text.rt_list_remove
                0x02002fb6       0x36 ./rt-thread/src/scheduler_up.o
 .text.rt_list_isempty
                0x02002fec       0x24 ./rt-thread/src/scheduler_up.o
 .text._scheduler_stack_check
                0x02003010       0x94 ./rt-thread/src/scheduler_up.o
 .text._scheduler_get_highest_priority_thread
                0x020030a4       0x3c ./rt-thread/src/scheduler_up.o
 .text.rt_system_scheduler_init
                0x020030e0       0x48 ./rt-thread/src/scheduler_up.o
                0x020030e0                rt_system_scheduler_init
 .text.rt_system_scheduler_start
                0x02003128       0x3c ./rt-thread/src/scheduler_up.o
                0x02003128                rt_system_scheduler_start
 .text.rt_schedule
                0x02003164      0x1a8 ./rt-thread/src/scheduler_up.o
                0x02003164                rt_schedule
 .text.rt_schedule_insert_thread
                0x0200330c       0xd4 ./rt-thread/src/scheduler_up.o
                0x0200330c                rt_schedule_insert_thread
 .text.rt_schedule_remove_thread
                0x020033e0       0x70 ./rt-thread/src/scheduler_up.o
                0x020033e0                rt_schedule_remove_thread
 .text.rt_enter_critical
                0x02003450       0x30 ./rt-thread/src/scheduler_up.o
                0x02003450                rt_enter_critical
 .text.rt_exit_critical
                0x02003480       0x58 ./rt-thread/src/scheduler_up.o
                0x02003480                rt_exit_critical
 .text.rt_critical_level
                0x020034d8       0x1c ./rt-thread/src/scheduler_up.o
                0x020034d8                rt_critical_level
 .text.rt_list_init
                0x020034f4       0x22 ./rt-thread/src/thread.o
 .text.rt_list_remove
                0x02003516       0x36 ./rt-thread/src/thread.o
 .text._thread_exit
                0x0200354c       0x42 ./rt-thread/src/thread.o
 *fill*         0x0200358e        0x2 ff
 .text._thread_timeout
                0x02003590       0x8c ./rt-thread/src/thread.o
 .text._thread_init
                0x0200361c      0x11c ./rt-thread/src/thread.o
 .text.rt_thread_init
                0x02003738       0x70 ./rt-thread/src/thread.o
                0x02003738                rt_thread_init
 .text.rt_thread_self
                0x020037a8       0x18 ./rt-thread/src/thread.o
                0x020037a8                rt_thread_self
 .text.rt_thread_startup
                0x020037c0       0x94 ./rt-thread/src/thread.o
                0x020037c0                rt_thread_startup
 .text.rt_thread_detach
                0x02003854       0xdc ./rt-thread/src/thread.o
                0x02003854                rt_thread_detach
 .text.rt_thread_create
                0x02003930       0x62 ./rt-thread/src/thread.o
                0x02003930                rt_thread_create
 *fill*         0x02003992        0x2 ff
 .text.rt_thread_delete
                0x02003994       0xdc ./rt-thread/src/thread.o
                0x02003994                rt_thread_delete
 .text.rt_thread_sleep
                0x02003a70      0x16c ./rt-thread/src/thread.o
                0x02003a70                rt_thread_sleep
 .text.rt_thread_delay
                0x02003bdc       0x18 ./rt-thread/src/thread.o
                0x02003bdc                rt_thread_delay
 .text.rt_thread_mdelay
                0x02003bf4       0x20 ./rt-thread/src/thread.o
                0x02003bf4                rt_thread_mdelay
 .text.rt_thread_control
                0x02003c14      0x100 ./rt-thread/src/thread.o
                0x02003c14                rt_thread_control
 .text.rt_thread_set_suspend_state
                0x02003d14       0x8c ./rt-thread/src/thread.o
 .text.rt_thread_suspend_with_flag
                0x02003da0       0xdc ./rt-thread/src/thread.o
                0x02003da0                rt_thread_suspend_with_flag
 .text.rt_thread_resume
                0x02003e7c       0x98 ./rt-thread/src/thread.o
                0x02003e7c                rt_thread_resume
 .text.rt_list_init
                0x02003f14       0x22 ./rt-thread/src/timer.o
 .text.rt_list_insert_after
                0x02003f36       0x32 ./rt-thread/src/timer.o
 .text.rt_list_remove
                0x02003f68       0x36 ./rt-thread/src/timer.o
 .text.rt_list_isempty
                0x02003f9e       0x24 ./rt-thread/src/timer.o
 .text._timer_init
                0x02003fc2       0x68 ./rt-thread/src/timer.o
 .text._timer_list_next_timeout
                0x0200402a       0x48 ./rt-thread/src/timer.o
 .text._timer_remove
                0x02004072       0x34 ./rt-thread/src/timer.o
 *fill*         0x020040a6        0x2 ff
 .text.rt_timer_init
                0x020040a8       0x7c ./rt-thread/src/timer.o
                0x020040a8                rt_timer_init
 .text.rt_timer_detach
                0x02004124       0x90 ./rt-thread/src/timer.o
                0x02004124                rt_timer_detach
 .text.rt_timer_start
                0x020041b4      0x228 ./rt-thread/src/timer.o
                0x020041b4                rt_timer_start
 .text.rt_timer_stop
                0x020043dc       0x98 ./rt-thread/src/timer.o
                0x020043dc                rt_timer_stop
 .text.rt_timer_control
                0x02004474      0x12c ./rt-thread/src/timer.o
                0x02004474                rt_timer_control
 .text.rt_timer_check
                0x020045a0      0x108 ./rt-thread/src/timer.o
                0x020045a0                rt_timer_check
 .text.rt_soft_timer_check
                0x020046a8      0x11c ./rt-thread/src/timer.o
                0x020046a8                rt_soft_timer_check
 .text._timer_thread_entry
                0x020047c4       0x5c ./rt-thread/src/timer.o
 .text.rt_system_timer_init
                0x02004820       0x34 ./rt-thread/src/timer.o
                0x02004820                rt_system_timer_init
 .text.rt_system_timer_thread_init
                0x02004854       0x68 ./rt-thread/src/timer.o
                0x02004854                rt_system_timer_thread_init
 .text          0x020048bc      0x14c ./rt-thread/libcpu/arm/cortex-m85/context_gcc.o
                0x020048bc                rt_hw_interrupt_disable
                0x020048c4                rt_hw_interrupt_enable
                0x020048ca                rt_hw_context_switch_interrupt
                0x020048ca                rt_hw_context_switch
                0x020048ea                PendSV_Handler
                0x02004960                rt_hw_context_switch_to
                0x020049ae                rt_hw_interrupt_thread_switch
                0x020049b2                HardFault_Handler
 .text.rt_hw_stack_init
                0x02004a08       0x90 ./rt-thread/libcpu/arm/cortex-m85/cpuport.o
                0x02004a08                rt_hw_stack_init
 .text.usage_fault_track
                0x02004a98       0xc4 ./rt-thread/libcpu/arm/cortex-m85/cpuport.o
 .text.bus_fault_track
                0x02004b5c       0xcc ./rt-thread/libcpu/arm/cortex-m85/cpuport.o
 .text.mem_manage_fault_track
                0x02004c28       0xb4 ./rt-thread/libcpu/arm/cortex-m85/cpuport.o
 .text.hard_fault_track
                0x02004cdc       0x78 ./rt-thread/libcpu/arm/cortex-m85/cpuport.o
 .text.rt_hw_hard_fault_exception
                0x02004d54      0x184 ./rt-thread/libcpu/arm/cortex-m85/cpuport.o
                0x02004d54                rt_hw_hard_fault_exception
 .text.TaskSwitch_StackCheck
                0x02004ed8       0x1e ./rt-thread/libcpu/arm/cortex-m85/cpuport.o
                0x02004ed8                TaskSwitch_StackCheck
 .text.__rt_ffs
                0x02004ef6       0x2a ./rt-thread/libcpu/arm/cortex-m85/cpuport.o
                0x02004ef6                __rt_ffs
 .text.__errno  0x02004f20        0xe ./rt-thread/components/libc/compilers/newlib/syscalls.o
                0x02004f20                __errno
 .text.rt_list_isempty
                0x02004f2e       0x24 ./rt-thread/components/finsh/cmd.o
 .text.rt_list_len
                0x02004f52       0x36 ./rt-thread/components/finsh/cmd.o
 .text.clear    0x02004f88       0x14 ./rt-thread/components/finsh/cmd.o
 .text.version  0x02004f9c        0xe ./rt-thread/components/finsh/cmd.o
                0x02004f9c                version
 *fill*         0x02004faa        0x2 ff
 .text.object_split
                0x02004fac       0x28 ./rt-thread/components/finsh/cmd.o
 .text.list_find_init
                0x02004fd4       0x46 ./rt-thread/components/finsh/cmd.o
 .text.list_get_next
                0x0200501a       0xc0 ./rt-thread/components/finsh/cmd.o
 *fill*         0x020050da        0x2 ff
 .text.list_thread
                0x020050dc      0x258 ./rt-thread/components/finsh/cmd.o
                0x020050dc                list_thread
 .text.show_wait_queue
                0x02005334       0x54 ./rt-thread/components/finsh/cmd.o
 .text.list_sem
                0x02005388      0x128 ./rt-thread/components/finsh/cmd.o
                0x02005388                list_sem
 .text.list_event
                0x020054b0      0x114 ./rt-thread/components/finsh/cmd.o
                0x020054b0                list_event
 .text.list_mutex
                0x020055c4      0x160 ./rt-thread/components/finsh/cmd.o
                0x020055c4                list_mutex
 .text.list_mailbox
                0x02005724      0x138 ./rt-thread/components/finsh/cmd.o
                0x02005724                list_mailbox
 .text.list_msgqueue
                0x0200585c      0x128 ./rt-thread/components/finsh/cmd.o
                0x0200585c                list_msgqueue
 .text.list_memheap
                0x02005984       0xd4 ./rt-thread/components/finsh/cmd.o
                0x02005984                list_memheap
 .text.list_mempool
                0x02005a58      0x140 ./rt-thread/components/finsh/cmd.o
                0x02005a58                list_mempool
 .text.list_timer
                0x02005b98      0x124 ./rt-thread/components/finsh/cmd.o
                0x02005b98                list_timer
 .text.list_device
                0x02005cbc      0x100 ./rt-thread/components/finsh/cmd.o
                0x02005cbc                list_device
 .text.cmd_list
                0x02005dbc       0xc0 ./rt-thread/components/finsh/cmd.o
                0x02005dbc                cmd_list
 .text.msh_help
                0x02005e7c       0x5c ./rt-thread/components/finsh/msh.o
                0x02005e7c                msh_help
 .text.cmd_ps   0x02005ed8       0x18 ./rt-thread/components/finsh/msh.o
                0x02005ed8                cmd_ps
 .text.cmd_free
                0x02005ef0       0x18 ./rt-thread/components/finsh/msh.o
                0x02005ef0                cmd_free
 .text.msh_split
                0x02005f08      0x170 ./rt-thread/components/finsh/msh.o
 .text.msh_get_cmd
                0x02006078       0x64 ./rt-thread/components/finsh/msh.o
 .text._msh_exec_cmd
                0x020060dc       0xd4 ./rt-thread/components/finsh/msh.o
 .text.msh_exec
                0x020061b0       0x90 ./rt-thread/components/finsh/msh.o
                0x020061b0                msh_exec
 .text.str_common
                0x02006240       0x4a ./rt-thread/components/finsh/msh.o
 *fill*         0x0200628a        0x2 ff
 .text.msh_auto_complete
                0x0200628c       0xb0 ./rt-thread/components/finsh/msh.o
                0x0200628c                msh_auto_complete
 .text.msh_get_cmd_opt
                0x0200633c       0x84 ./rt-thread/components/finsh/msh.o
 .text.msh_get_argc
                0x020063c0       0x5a ./rt-thread/components/finsh/msh.o
 *fill*         0x0200641a        0x2 ff
 .text.msh_opt_complete
                0x0200641c       0xac ./rt-thread/components/finsh/msh.o
 .text.msh_opt_help
                0x020064c8       0x44 ./rt-thread/components/finsh/msh.o
 .text.msh_opt_auto_complete
                0x0200650c       0x9a ./rt-thread/components/finsh/msh.o
                0x0200650c                msh_opt_auto_complete
 .text.msh_cmd_opt_id_get
                0x020065a6       0x5a ./rt-thread/components/finsh/msh.o
                0x020065a6                msh_cmd_opt_id_get
 .text.msh_opt_list_dump
                0x02006600       0x40 ./rt-thread/components/finsh/msh.o
                0x02006600                msh_opt_list_dump
 .text.msh_isint
                0x02006640       0x6c ./rt-thread/components/finsh/msh_parse.o
                0x02006640                msh_isint
 .text.finsh_get_prompt
                0x020066ac       0x78 ./rt-thread/components/finsh/shell.o
                0x020066ac                finsh_get_prompt
 .text.finsh_set_prompt_mode
                0x02006724       0x48 ./rt-thread/components/finsh/shell.o
                0x02006724                finsh_set_prompt_mode
 .text.finsh_getchar
                0x0200676c       0x90 ./rt-thread/components/finsh/shell.o
                0x0200676c                finsh_getchar
 .text.finsh_rx_ind
                0x020067fc       0x3c ./rt-thread/components/finsh/shell.o
 .text.finsh_set_device
                0x02006838       0xd8 ./rt-thread/components/finsh/shell.o
                0x02006838                finsh_set_device
 .text.shell_auto_complete
                0x02006910       0x3c ./rt-thread/components/finsh/shell.o
 .text.shell_handle_history
                0x0200694c       0x34 ./rt-thread/components/finsh/shell.o
 .text.shell_push_history
                0x02006980      0x15e ./rt-thread/components/finsh/shell.o
 *fill*         0x02006ade        0x2 ff
 .text.finsh_thread_entry
                0x02006ae0      0x5cc ./rt-thread/components/finsh/shell.o
                0x02006ae0                finsh_thread_entry
 .text.finsh_system_function_init
                0x020070ac       0x2c ./rt-thread/components/finsh/shell.o
                0x020070ac                finsh_system_function_init
 .text.finsh_system_init
                0x020070d8       0x9c ./rt-thread/components/finsh/shell.o
                0x020070d8                finsh_system_init
 .text.rt_serial_get_linear_buffer
                0x02007174       0x7c ./rt-thread/components/drivers/serial/serial_v2.o
 .text.rt_serial_update_read_index
                0x020071f0       0xbc ./rt-thread/components/drivers/serial/serial_v2.o
 .text.rt_serial_update_write_index
                0x020072ac       0xe8 ./rt-thread/components/drivers/serial/serial_v2.o
 .text._serial_poll_rx
                0x02007394       0xa4 ./rt-thread/components/drivers/serial/serial_v2.o
                0x02007394                _serial_poll_rx
 .text._serial_poll_tx
                0x02007438       0x9c ./rt-thread/components/drivers/serial/serial_v2.o
                0x02007438                _serial_poll_tx
 .text._serial_fifo_rx
                0x020074d4       0xf4 ./rt-thread/components/drivers/serial/serial_v2.o
 .text._serial_fifo_tx_blocking_nbuf
                0x020075c8       0xd8 ./rt-thread/components/drivers/serial/serial_v2.o
 .text._serial_fifo_tx_blocking_buf
                0x020076a0      0x11c ./rt-thread/components/drivers/serial/serial_v2.o
 .text._serial_fifo_tx_nonblocking
                0x020077bc       0xd0 ./rt-thread/components/drivers/serial/serial_v2.o
 .text.rt_serial_tx_enable
                0x0200788c      0x1f0 ./rt-thread/components/drivers/serial/serial_v2.o
 .text.rt_serial_rx_enable
                0x02007a7c      0x158 ./rt-thread/components/drivers/serial/serial_v2.o
 .text.rt_serial_rx_disable
                0x02007bd4       0xb4 ./rt-thread/components/drivers/serial/serial_v2.o
 .text.rt_serial_tx_disable
                0x02007c88       0xcc ./rt-thread/components/drivers/serial/serial_v2.o
 .text.rt_serial_init
                0x02007d54       0x78 ./rt-thread/components/drivers/serial/serial_v2.o
 .text.rt_serial_open
                0x02007dcc       0xf4 ./rt-thread/components/drivers/serial/serial_v2.o
 .text.rt_serial_close
                0x02007ec0       0x90 ./rt-thread/components/drivers/serial/serial_v2.o
 .text.rt_serial_control
                0x02007f50      0x124 ./rt-thread/components/drivers/serial/serial_v2.o
 .text.rt_hw_serial_register
                0x02008074       0x94 ./rt-thread/components/drivers/serial/serial_v2.o
                0x02008074                rt_hw_serial_register
 .text.rt_hw_serial_isr
                0x02008108      0x230 ./rt-thread/components/drivers/serial/serial_v2.o
                0x02008108                rt_hw_serial_isr
 .text._pin_read
                0x02008338       0x60 ./rt-thread/components/drivers/misc/pin.o
 .text._pin_write
                0x02008398       0x5c ./rt-thread/components/drivers/misc/pin.o
 .text._pin_control
                0x020083f4       0x54 ./rt-thread/components/drivers/misc/pin.o
 .text.rt_device_pin_register
                0x02008448       0x74 ./rt-thread/components/drivers/misc/pin.o
                0x02008448                rt_device_pin_register
 .text.rt_pin_mode
                0x020084bc       0x40 ./rt-thread/components/drivers/misc/pin.o
                0x020084bc                rt_pin_mode
 .text.rt_pin_write
                0x020084fc       0x40 ./rt-thread/components/drivers/misc/pin.o
                0x020084fc                rt_pin_write
 .text.rt_pin_read
                0x0200853c       0x3c ./rt-thread/components/drivers/misc/pin.o
                0x0200853c                rt_pin_read
 .text.rt_pin_get
                0x02008578       0x4c ./rt-thread/components/drivers/misc/pin.o
                0x02008578                rt_pin_get
 .text._pin_cmd_conv
                0x020085c4       0x18 ./rt-thread/components/drivers/misc/pin.o
 .text._pin_cmd_print_usage
                0x020085dc       0x78 ./rt-thread/components/drivers/misc/pin.o
 .text._pin_cmd_get
                0x02008654       0x5c ./rt-thread/components/drivers/misc/pin.o
 .text._pin_cmd_mode
                0x020086b0      0x110 ./rt-thread/components/drivers/misc/pin.o
 .text._pin_cmd_read
                0x020087c0       0x94 ./rt-thread/components/drivers/misc/pin.o
 .text._pin_cmd_write
                0x02008854       0xe4 ./rt-thread/components/drivers/misc/pin.o
 .text._pin_cmd
                0x02008938       0xac ./rt-thread/components/drivers/misc/pin.o
 .text.rt_list_init
                0x020089e4       0x22 ./rt-thread/components/drivers/ipc/completion.o
 .text.rt_list_insert_before
                0x02008a06       0x32 ./rt-thread/components/drivers/ipc/completion.o
 .text.rt_list_isempty
                0x02008a38       0x24 ./rt-thread/components/drivers/ipc/completion.o
 .text.rt_completion_init
                0x02008a5c       0x44 ./rt-thread/components/drivers/ipc/completion.o
                0x02008a5c                rt_completion_init
 .text.rt_completion_wait
                0x02008aa0      0x1a8 ./rt-thread/components/drivers/ipc/completion.o
                0x02008aa0                rt_completion_wait
 .text.rt_completion_done
                0x02008c48       0x70 ./rt-thread/components/drivers/ipc/completion.o
                0x02008c48                rt_completion_done
 .text.rt_ringbuffer_status
                0x02008cb8       0x4a ./rt-thread/components/drivers/ipc/ringbuffer.o
 *fill*         0x02008d02        0x2 ff
 .text.rt_ringbuffer_init
                0x02008d04       0x94 ./rt-thread/components/drivers/ipc/ringbuffer.o
                0x02008d04                rt_ringbuffer_init
 .text.rt_ringbuffer_put
                0x02008d98      0x13c ./rt-thread/components/drivers/ipc/ringbuffer.o
                0x02008d98                rt_ringbuffer_put
 .text.rt_ringbuffer_get
                0x02008ed4      0x130 ./rt-thread/components/drivers/ipc/ringbuffer.o
                0x02008ed4                rt_ringbuffer_get
 .text.rt_ringbuffer_putchar
                0x02009004       0xb0 ./rt-thread/components/drivers/ipc/ringbuffer.o
                0x02009004                rt_ringbuffer_putchar
 .text.rt_ringbuffer_data_len
                0x020090b4       0x5e ./rt-thread/components/drivers/ipc/ringbuffer.o
                0x020090b4                rt_ringbuffer_data_len
 .text.rt_device_register
                0x02009112       0x54 ./rt-thread/components/drivers/core/device.o
                0x02009112                rt_device_register
 .text.rt_device_find
                0x02009166       0x1a ./rt-thread/components/drivers/core/device.o
                0x02009166                rt_device_find
 .text.rt_device_open
                0x02009180      0x150 ./rt-thread/components/drivers/core/device.o
                0x02009180                rt_device_open
 .text.rt_device_close
                0x020092d0       0x9c ./rt-thread/components/drivers/core/device.o
                0x020092d0                rt_device_close
 .text.rt_device_read
                0x0200936c       0x88 ./rt-thread/components/drivers/core/device.o
                0x0200936c                rt_device_read
 .text.rt_device_write
                0x020093f4       0x88 ./rt-thread/components/drivers/core/device.o
                0x020093f4                rt_device_write
 .text.rt_device_set_rx_indicate
                0x0200947c       0x54 ./rt-thread/components/drivers/core/device.o
                0x0200947c                rt_device_set_rx_indicate
 .text.main     0x020094d0        0xe ./ra_gen/main.o
                0x020094d0                main
 *fill*         0x020094de        0x2 ff
 .text.__NVIC_SetPriority
                0x020094e0       0x54 ./ra/fsp/src/r_sci_b_uart/r_sci_b_uart.o
 .text.R_FSP_CurrentIrqGet
                0x02009534       0x2c ./ra/fsp/src/r_sci_b_uart/r_sci_b_uart.o
 .text.R_FSP_IsrContextSet
                0x02009560       0x28 ./ra/fsp/src/r_sci_b_uart/r_sci_b_uart.o
 .text.R_BSP_IrqStatusClear
                0x02009588       0x40 ./ra/fsp/src/r_sci_b_uart/r_sci_b_uart.o
 .text.R_BSP_IrqClearPending
                0x020095c8       0x48 ./ra/fsp/src/r_sci_b_uart/r_sci_b_uart.o
 .text.R_BSP_IrqCfg
                0x02009610       0x2e ./ra/fsp/src/r_sci_b_uart/r_sci_b_uart.o
 *fill*         0x0200963e        0x2 ff
 .text.R_BSP_IrqEnableNoClear
                0x02009640       0x38 ./ra/fsp/src/r_sci_b_uart/r_sci_b_uart.o
 .text.R_BSP_IrqEnable
                0x02009678       0x26 ./ra/fsp/src/r_sci_b_uart/r_sci_b_uart.o
 *fill*         0x0200969e        0x2 ff
 .text.R_BSP_IrqDisable
                0x020096a0       0x48 ./ra/fsp/src/r_sci_b_uart/r_sci_b_uart.o
 .text.R_FSP_IsrContextGet
                0x020096e8       0x24 ./ra/fsp/src/r_sci_b_uart/r_sci_b_uart.o
 .text.R_SCI_B_UART_Open
                0x0200970c      0x1a4 ./ra/fsp/src/r_sci_b_uart/r_sci_b_uart.o
                0x0200970c                R_SCI_B_UART_Open
 .text.r_sci_b_uart_config_set
                0x020098b0      0x160 ./ra/fsp/src/r_sci_b_uart/r_sci_b_uart.o
 .text.r_sci_b_uart_fifo_cfg
                0x02009a10       0x70 ./ra/fsp/src/r_sci_b_uart/r_sci_b_uart.o
 .text.r_sci_b_irq_cfg
                0x02009a80       0x3a ./ra/fsp/src/r_sci_b_uart/r_sci_b_uart.o
 .text.r_sci_b_irqs_cfg
                0x02009aba       0x5a ./ra/fsp/src/r_sci_b_uart/r_sci_b_uart.o
 .text.r_sci_b_uart_call_callback
                0x02009b14       0x76 ./ra/fsp/src/r_sci_b_uart/r_sci_b_uart.o
 .text.sci_b_uart_txi_isr
                0x02009b8a      0x176 ./ra/fsp/src/r_sci_b_uart/r_sci_b_uart.o
                0x02009b8a                sci_b_uart_txi_isr
 .text.sci_b_uart_rxi_isr
                0x02009d00      0x13e ./ra/fsp/src/r_sci_b_uart/r_sci_b_uart.o
                0x02009d00                sci_b_uart_rxi_isr
 *fill*         0x02009e3e        0x2 ff
 .text.sci_b_uart_tei_isr
                0x02009e40       0x54 ./ra/fsp/src/r_sci_b_uart/r_sci_b_uart.o
                0x02009e40                sci_b_uart_tei_isr
 .text.sci_b_uart_eri_isr
                0x02009e94       0xd2 ./ra/fsp/src/r_sci_b_uart/r_sci_b_uart.o
                0x02009e94                sci_b_uart_eri_isr
 *fill*         0x02009f66        0x2 ff
 .text.R_BSP_PinRead
                0x02009f68       0x38 ./ra/fsp/src/r_ioport/r_ioport.o
 .text.R_BSP_PinAccessEnable
                0x02009fa0       0x60 ./ra/fsp/src/r_ioport/r_ioport.o
 .text.R_BSP_PinAccessDisable
                0x0200a000       0x68 ./ra/fsp/src/r_ioport/r_ioport.o
 .text.R_IOPORT_Open
                0x0200a068       0x28 ./ra/fsp/src/r_ioport/r_ioport.o
                0x0200a068                R_IOPORT_Open
 .text.R_IOPORT_Close
                0x0200a090       0x20 ./ra/fsp/src/r_ioport/r_ioport.o
                0x0200a090                R_IOPORT_Close
 .text.R_IOPORT_PinsCfg
                0x0200a0b0       0x1a ./ra/fsp/src/r_ioport/r_ioport.o
                0x0200a0b0                R_IOPORT_PinsCfg
 .text.R_IOPORT_PinCfg
                0x0200a0ca       0x46 ./ra/fsp/src/r_ioport/r_ioport.o
                0x0200a0ca                R_IOPORT_PinCfg
 .text.R_IOPORT_PinRead
                0x0200a110       0x28 ./ra/fsp/src/r_ioport/r_ioport.o
                0x0200a110                R_IOPORT_PinRead
 .text.R_IOPORT_PortRead
                0x0200a138       0x3c ./ra/fsp/src/r_ioport/r_ioport.o
                0x0200a138                R_IOPORT_PortRead
 .text.R_IOPORT_PortWrite
                0x0200a174       0x64 ./ra/fsp/src/r_ioport/r_ioport.o
                0x0200a174                R_IOPORT_PortWrite
 .text.R_IOPORT_PinWrite
                0x0200a1d8       0x70 ./ra/fsp/src/r_ioport/r_ioport.o
                0x0200a1d8                R_IOPORT_PinWrite
 .text.R_IOPORT_PortDirectionSet
                0x0200a248       0x74 ./ra/fsp/src/r_ioport/r_ioport.o
                0x0200a248                R_IOPORT_PortDirectionSet
 .text.R_IOPORT_PortEventInputRead
                0x0200a2bc       0x40 ./ra/fsp/src/r_ioport/r_ioport.o
                0x0200a2bc                R_IOPORT_PortEventInputRead
 .text.R_IOPORT_PinEventInputRead
                0x0200a2fc       0x64 ./ra/fsp/src/r_ioport/r_ioport.o
                0x0200a2fc                R_IOPORT_PinEventInputRead
 .text.R_IOPORT_PortEventOutputWrite
                0x0200a360       0x64 ./ra/fsp/src/r_ioport/r_ioport.o
                0x0200a360                R_IOPORT_PortEventOutputWrite
 .text.R_IOPORT_PinEventOutputWrite
                0x0200a3c4       0x5e ./ra/fsp/src/r_ioport/r_ioport.o
                0x0200a3c4                R_IOPORT_PinEventOutputWrite
 .text.r_ioport_pins_config
                0x0200a422       0x56 ./ra/fsp/src/r_ioport/r_ioport.o
 .text.r_ioport_hw_pin_event_output_data_write
                0x0200a478       0x88 ./ra/fsp/src/r_ioport/r_ioport.o
 .text.r_ioport_pfs_write
                0x0200a500       0x78 ./ra/fsp/src/r_ioport/r_ioport.o
 .text.bsp_vbatt_init
                0x0200a578      0x17c ./ra/fsp/src/r_ioport/r_ioport.o
 .text.R_BSP_FlashCacheEnable
                0x0200a6f4       0x2c ./ra/fsp/src/bsp/mcu/all/bsp_clocks.o
 .text.SystemCoreClockUpdate
                0x0200a720       0xa4 ./ra/fsp/src/bsp/mcu/all/bsp_clocks.o
                0x0200a720                SystemCoreClockUpdate
 .text.bsp_prv_clock_set_hard_reset
                0x0200a7c4       0x64 ./ra/fsp/src/bsp/mcu/all/bsp_clocks.o
 .text.bsp_clock_freq_var_init
                0x0200a828       0x58 ./ra/fsp/src/bsp/mcu/all/bsp_clocks.o
 .text.bsp_clock_init
                0x0200a880      0x110 ./ra/fsp/src/bsp/mcu/all/bsp_clocks.o
                0x0200a880                bsp_clock_init
 .text.R_BSP_SubClockStabilizeWaitAfterReset
                0x0200a990       0x14 ./ra/fsp/src/bsp/mcu/all/bsp_clocks.o
                0x0200a990                R_BSP_SubClockStabilizeWaitAfterReset
 .text.bsp_peripheral_clock_set
                0x0200a9a4       0x82 ./ra/fsp/src/bsp/mcu/all/bsp_clocks.o
 *fill*         0x0200aa26        0x2 ff
 .text.bsp_sosc_init
                0x0200aa28       0x70 ./ra/fsp/src/bsp/mcu/all/bsp_clocks.o
 .text.R_BSP_Init_RTC
                0x0200aa98       0xc4 ./ra/fsp/src/bsp/mcu/all/bsp_clocks.o
                0x0200aa98                R_BSP_Init_RTC
 .text.bsp_init_internal
                0x0200ab5c       0x14 ./ra/fsp/src/bsp/mcu/all/bsp_common.o
                0x0200ab5c                bsp_init_internal
                0x0200ab5c                bsp_init
 .text.R_BSP_SoftwareDelay
                0x0200ab70      0x100 ./ra/fsp/src/bsp/mcu/all/bsp_delay.o
                0x0200ab70                R_BSP_SoftwareDelay
 .text.bsp_prv_software_delay_loop
                0x0200ac70        0xc ./ra/fsp/src/bsp/mcu/all/bsp_delay.o
                0x0200ac70                bsp_prv_software_delay_loop
 .text.bsp_group_irq_call
                0x0200ac7c       0x30 ./ra/fsp/src/bsp/mcu/all/bsp_group_irq.o
 .text.NMI_Handler
                0x0200acac       0x84 ./ra/fsp/src/bsp/mcu/all/bsp_group_irq.o
                0x0200acac                NMI_Handler
 .text.bsp_irq_cfg
                0x0200ad30       0x50 ./ra/fsp/src/bsp/mcu/all/bsp_irq.o
                0x0200ad30                bsp_irq_cfg
 .text.R_BSP_RegisterProtectEnable
                0x0200ad80       0xa0 ./ra/fsp/src/bsp/mcu/all/bsp_register_protection.o
                0x0200ad80                R_BSP_RegisterProtectEnable
 .text.R_BSP_RegisterProtectDisable
                0x0200ae20       0x90 ./ra/fsp/src/bsp/mcu/all/bsp_register_protection.o
                0x0200ae20                R_BSP_RegisterProtectDisable
 .text.Reset_Handler
                0x0200aeb0        0xe ./ra/fsp/src/bsp/cmsis/Device/RENESAS/Source/startup.o
                0x0200aeb0                Reset_Handler
 .text.Default_Handler
                0x0200aebe       0x10 ./ra/fsp/src/bsp/cmsis/Device/RENESAS/Source/startup.o
                0x0200aebe                UsageFault_Handler
                0x0200aebe                SecureFault_Handler
                0x0200aebe                Default_Handler
                0x0200aebe                MemManage_Handler
                0x0200aebe                SVC_Handler
                0x0200aebe                BusFault_Handler
                0x0200aebe                DebugMon_Handler
 *fill*         0x0200aece        0x2 ff
 .text.SystemInit
                0x0200aed0      0x18c ./ra/fsp/src/bsp/cmsis/Device/RENESAS/Source/system.o
                0x0200aed0                SystemInit
 *fill*         0x0200b05c        0x4 ff
 .text.memcpy_64
                0x0200b060       0x34 ./ra/fsp/src/bsp/cmsis/Device/RENESAS/Source/system.o
 *fill*         0x0200b094        0x4 ff
 .text.memset_64
                0x0200b098       0x2c ./ra/fsp/src/bsp/cmsis/Device/RENESAS/Source/system.o
 .text.bsp_init_itcm
                0x0200b0c4       0x38 ./ra/fsp/src/bsp/cmsis/Device/RENESAS/Source/system.o
 .text.bsp_init_dtcm
                0x0200b0fc       0x60 ./ra/fsp/src/bsp/cmsis/Device/RENESAS/Source/system.o
 .text.__NVIC_SetPriority
                0x0200b15c       0x54 ./libraries/HAL_Drivers/drv_common.o
 .text.__NVIC_SystemReset
                0x0200b1b0       0x2c ./libraries/HAL_Drivers/drv_common.o
 .text.SysTick_Config
                0x0200b1dc       0x44 ./libraries/HAL_Drivers/drv_common.o
 .text.reboot   0x0200b220       0x10 ./libraries/HAL_Drivers/drv_common.o
 .text.rt_hw_systick_init
                0x0200b230       0x2c ./libraries/HAL_Drivers/drv_common.o
                0x0200b230                rt_hw_systick_init
 .text.SysTick_Handler
                0x0200b25c       0x14 ./libraries/HAL_Drivers/drv_common.o
                0x0200b25c                SysTick_Handler
 .text.rt_hw_board_init
                0x0200b270       0x34 ./libraries/HAL_Drivers/drv_common.o
                0x0200b270                rt_hw_board_init
 .text.R_BSP_WarmStart
                0x0200b2a4       0x2c ./libraries/HAL_Drivers/drv_common.o
                0x0200b2a4                R_BSP_WarmStart
 .text.R_BSP_PinRead
                0x0200b2d0       0x38 ./libraries/HAL_Drivers/drv_gpio.o
 .text.R_BSP_PinWrite
                0x0200b308       0x68 ./libraries/HAL_Drivers/drv_gpio.o
 .text.R_BSP_PinAccessEnable
                0x0200b370       0x60 ./libraries/HAL_Drivers/drv_gpio.o
 .text.R_BSP_PinAccessDisable
                0x0200b3d0       0x68 ./libraries/HAL_Drivers/drv_gpio.o
 .text.ra_pin_mode
                0x0200b438       0xf4 ./libraries/HAL_Drivers/drv_gpio.o
 .text.ra_pin_write
                0x0200b52c       0x3c ./libraries/HAL_Drivers/drv_gpio.o
 .text.ra_pin_read
                0x0200b568       0x54 ./libraries/HAL_Drivers/drv_gpio.o
 .text.ra_pin_irq_enable
                0x0200b5bc       0x1e ./libraries/HAL_Drivers/drv_gpio.o
 .text.ra_pin_attach_irq
                0x0200b5da       0x20 ./libraries/HAL_Drivers/drv_gpio.o
 .text.ra_pin_dettach_irq
                0x0200b5fa       0x1a ./libraries/HAL_Drivers/drv_gpio.o
 .text.ra_pin_get
                0x0200b614       0xce ./libraries/HAL_Drivers/drv_gpio.o
 *fill*         0x0200b6e2        0x2 ff
 .text.rt_hw_pin_init
                0x0200b6e4       0x1c ./libraries/HAL_Drivers/drv_gpio.o
                0x0200b6e4                rt_hw_pin_init
 .text.ra_uart_get_config
                0x0200b700       0x50 ./libraries/HAL_Drivers/drv_usart_v2.o
 .text.ra_uart_configure
                0x0200b750       0x80 ./libraries/HAL_Drivers/drv_usart_v2.o
 .text.ra_uart_control
                0x0200b7d0       0x1a ./libraries/HAL_Drivers/drv_usart_v2.o
 *fill*         0x0200b7ea        0x2 ff
 .text.ra_uart_putc
                0x0200b7ec       0x68 ./libraries/HAL_Drivers/drv_usart_v2.o
 .text.ra_uart_getc
                0x0200b854       0x16 ./libraries/HAL_Drivers/drv_usart_v2.o
 *fill*         0x0200b86a        0x2 ff
 .text.ra_uart_transmit
                0x0200b86c       0x70 ./libraries/HAL_Drivers/drv_usart_v2.o
 .text.user_uart9_callback
                0x0200b8dc       0x78 ./libraries/HAL_Drivers/drv_usart_v2.o
                0x0200b8dc                user_uart9_callback
 .text.rt_hw_usart_init
                0x0200b954       0xb0 ./libraries/HAL_Drivers/drv_usart_v2.o
                0x0200b954                rt_hw_usart_init
 .text.drv_sdram_init
                0x0200ba04      0x17c ./board/ports/drv_sdram.o
                0x0200ba04                drv_sdram_init
 .text.SDRAM_Init
                0x0200bb80       0x50 ./board/ports/drv_sdram.o
 .text.atoi     0x0200bbd0        0x8 c:/rt-threadstudio/repo/extract/toolchain_support_packages/arm/gnu_tools_for_arm_embedded_processors/10.2.1/bin/../lib/gcc/arm-none-eabi/10.2.1/../../../../arm-none-eabi/lib/thumb/v8-m.main+dp/hard\libc.a(lib_a-atoi.o)
                0x0200bbd0                atoi
 .text.memcmp   0x0200bbd8       0x60 c:/rt-threadstudio/repo/extract/toolchain_support_packages/arm/gnu_tools_for_arm_embedded_processors/10.2.1/bin/../lib/gcc/arm-none-eabi/10.2.1/../../../../arm-none-eabi/lib/thumb/v8-m.main+dp/hard\libc.a(lib_a-memcmp.o)
                0x0200bbd8                memcmp
 .text          0x0200bc38       0xec c:/rt-threadstudio/repo/extract/toolchain_support_packages/arm/gnu_tools_for_arm_embedded_processors/10.2.1/bin/../lib/gcc/arm-none-eabi/10.2.1/../../../../arm-none-eabi/lib/thumb/v8-m.main+dp/hard\libc.a(lib_a-memcpy.o)
                0x0200bc38                memcpy
 .text.memset   0x0200bd24       0xa4 c:/rt-threadstudio/repo/extract/toolchain_support_packages/arm/gnu_tools_for_arm_embedded_processors/10.2.1/bin/../lib/gcc/arm-none-eabi/10.2.1/../../../../arm-none-eabi/lib/thumb/v8-m.main+dp/hard\libc.a(lib_a-memset.o)
                0x0200bd24                memset
 .text.strchr   0x0200bdc8       0xcc c:/rt-threadstudio/repo/extract/toolchain_support_packages/arm/gnu_tools_for_arm_embedded_processors/10.2.1/bin/../lib/gcc/arm-none-eabi/10.2.1/../../../../arm-none-eabi/lib/thumb/v8-m.main+dp/hard\libc.a(lib_a-strchr.o)
                0x0200bdc8                strchr
 .text          0x0200be94      0x1bc c:/rt-threadstudio/repo/extract/toolchain_support_packages/arm/gnu_tools_for_arm_embedded_processors/10.2.1/bin/../lib/gcc/arm-none-eabi/10.2.1/../../../../arm-none-eabi/lib/thumb/v8-m.main+dp/hard\libc.a(lib_a-strcmp.o)
                0x0200be94                strcmp
 .text.strlen   0x0200c050       0x5c c:/rt-threadstudio/repo/extract/toolchain_support_packages/arm/gnu_tools_for_arm_embedded_processors/10.2.1/bin/../lib/gcc/arm-none-eabi/10.2.1/../../../../arm-none-eabi/lib/thumb/v8-m.main+dp/hard\libc.a(lib_a-strlen-stub.o)
                0x0200c050                strlen
 .text.strncmp  0x0200c0ac       0x78 c:/rt-threadstudio/repo/extract/toolchain_support_packages/arm/gnu_tools_for_arm_embedded_processors/10.2.1/bin/../lib/gcc/arm-none-eabi/10.2.1/../../../../arm-none-eabi/lib/thumb/v8-m.main+dp/hard\libc.a(lib_a-strncmp.o)
                0x0200c0ac                strncmp
 .text.strncpy  0x0200c124       0x64 c:/rt-threadstudio/repo/extract/toolchain_support_packages/arm/gnu_tools_for_arm_embedded_processors/10.2.1/bin/../lib/gcc/arm-none-eabi/10.2.1/../../../../arm-none-eabi/lib/thumb/v8-m.main+dp/hard\libc.a(lib_a-strncpy.o)
                0x0200c124                strncpy
 .text._strtol_l.part.0
                0x0200c188      0x104 c:/rt-threadstudio/repo/extract/toolchain_support_packages/arm/gnu_tools_for_arm_embedded_processors/10.2.1/bin/../lib/gcc/arm-none-eabi/10.2.1/../../../../arm-none-eabi/lib/thumb/v8-m.main+dp/hard\libc.a(lib_a-strtol.o)
 .text.strtol   0x0200c28c       0x2c c:/rt-threadstudio/repo/extract/toolchain_support_packages/arm/gnu_tools_for_arm_embedded_processors/10.2.1/bin/../lib/gcc/arm-none-eabi/10.2.1/../../../../arm-none-eabi/lib/thumb/v8-m.main+dp/hard\libc.a(lib_a-strtol.o)
                0x0200c28c                strtol
 .text.startup.register_fini
                0x0200c2b8       0x14 c:/rt-threadstudio/repo/extract/toolchain_support_packages/arm/gnu_tools_for_arm_embedded_processors/10.2.1/bin/../lib/gcc/arm-none-eabi/10.2.1/../../../../arm-none-eabi/lib/thumb/v8-m.main+dp/hard\libc.a(lib_a-__call_atexit.o)
 .text.atexit   0x0200c2cc        0xc c:/rt-threadstudio/repo/extract/toolchain_support_packages/arm/gnu_tools_for_arm_embedded_processors/10.2.1/bin/../lib/gcc/arm-none-eabi/10.2.1/../../../../arm-none-eabi/lib/thumb/v8-m.main+dp/hard\libc.a(lib_a-atexit.o)
                0x0200c2cc                atexit
 .text.__libc_fini_array
                0x0200c2d8       0x2c c:/rt-threadstudio/repo/extract/toolchain_support_packages/arm/gnu_tools_for_arm_embedded_processors/10.2.1/bin/../lib/gcc/arm-none-eabi/10.2.1/../../../../arm-none-eabi/lib/thumb/v8-m.main+dp/hard\libc.a(lib_a-fini.o)
                0x0200c2d8                __libc_fini_array
 .text.__retarget_lock_acquire_recursive
                0x0200c304        0x4 c:/rt-threadstudio/repo/extract/toolchain_support_packages/arm/gnu_tools_for_arm_embedded_processors/10.2.1/bin/../lib/gcc/arm-none-eabi/10.2.1/../../../../arm-none-eabi/lib/thumb/v8-m.main+dp/hard\libc.a(lib_a-lock.o)
                0x0200c304                __retarget_lock_acquire_recursive
 .text.__retarget_lock_release_recursive
                0x0200c308        0x4 c:/rt-threadstudio/repo/extract/toolchain_support_packages/arm/gnu_tools_for_arm_embedded_processors/10.2.1/bin/../lib/gcc/arm-none-eabi/10.2.1/../../../../arm-none-eabi/lib/thumb/v8-m.main+dp/hard\libc.a(lib_a-lock.o)
                0x0200c308                __retarget_lock_release_recursive
 .text.__register_exitproc
                0x0200c30c       0x90 c:/rt-threadstudio/repo/extract/toolchain_support_packages/arm/gnu_tools_for_arm_embedded_processors/10.2.1/bin/../lib/gcc/arm-none-eabi/10.2.1/../../../../arm-none-eabi/lib/thumb/v8-m.main+dp/hard\libc.a(lib_a-__atexit.o)
                0x0200c30c                __register_exitproc
 *(.version)
 .version       0x0200c39c       0x50 ./ra/fsp/src/bsp/mcu/all/bsp_common.o
 *(.init)
 .init          0x0200c3ec        0x4 c:/rt-threadstudio/repo/extract/toolchain_support_packages/arm/gnu_tools_for_arm_embedded_processors/10.2.1/bin/../lib/gcc/arm-none-eabi/10.2.1/thumb/v8-m.main+dp/hard/crti.o
                0x0200c3ec                _init
 .init          0x0200c3f0        0x8 c:/rt-threadstudio/repo/extract/toolchain_support_packages/arm/gnu_tools_for_arm_embedded_processors/10.2.1/bin/../lib/gcc/arm-none-eabi/10.2.1/thumb/v8-m.main+dp/hard/crtn.o
 *(.fini)
 .fini          0x0200c3f8        0x4 c:/rt-threadstudio/repo/extract/toolchain_support_packages/arm/gnu_tools_for_arm_embedded_processors/10.2.1/bin/../lib/gcc/arm-none-eabi/10.2.1/thumb/v8-m.main+dp/hard/crti.o
                0x0200c3f8                _fini
 .fini          0x0200c3fc        0x8 c:/rt-threadstudio/repo/extract/toolchain_support_packages/arm/gnu_tools_for_arm_embedded_processors/10.2.1/bin/../lib/gcc/arm-none-eabi/10.2.1/thumb/v8-m.main+dp/hard/crtn.o
                0x0200c404                . = ALIGN (0x4)
                0x0200c404                __fsymtab_start = .
 *(FSymTab)
 FSymTab        0x0200c404       0x30 ./rt-thread/components/finsh/cmd.o
                0x0200c404                __fsym_clear
                0x0200c414                __fsym_version
                0x0200c424                __fsym_list
 FSymTab        0x0200c434       0x30 ./rt-thread/components/finsh/msh.o
                0x0200c434                __fsym_help
                0x0200c444                __fsym_ps
                0x0200c454                __fsym_free
 FSymTab        0x0200c464       0x10 ./rt-thread/components/drivers/misc/pin.o
                0x0200c464                __fsym_pin
 FSymTab        0x0200c474       0x10 ./libraries/HAL_Drivers/drv_common.o
                0x0200c474                __fsym_reboot
                0x0200c484                __fsymtab_end = .
                0x0200c484                . = ALIGN (0x4)
                0x0200c484                __vsymtab_start = .
 *(VSymTab)
                0x0200c484                __vsymtab_end = .
                0x0200c484                . = ALIGN (0x4)
                0x0200c484                __rt_init_start = .
 *(SORT_BY_NAME(.rti_fn*))
 .rti_fn.0      0x0200c484        0x4 ./rt-thread/src/components.o
                0x0200c484                __rt_init_rti_start
 .rti_fn.0.end  0x0200c488        0x4 ./rt-thread/src/components.o
                0x0200c488                __rt_init_rti_board_start
 .rti_fn.1      0x0200c48c        0x4 ./board/ports/drv_sdram.o
                0x0200c48c                __rt_init_SDRAM_Init
 .rti_fn.1.end  0x0200c490        0x4 ./rt-thread/src/components.o
                0x0200c490                __rt_init_rti_board_end
 .rti_fn.6      0x0200c494        0x4 ./rt-thread/components/finsh/shell.o
                0x0200c494                __rt_init_finsh_system_init
 .rti_fn.6.end  0x0200c498        0x4 ./rt-thread/src/components.o
                0x0200c498                __rt_init_rti_end
                0x0200c49c                __rt_init_end = .
                0x0200c49c                . = ALIGN (0x4)
 *(FalPartTable)
 *crtbegin.o(.ctors)
 *crtbegin?.o(.ctors)
 *(EXCLUDE_FILE(*crtend.o *crtend?.o) .ctors)
 *(SORT_BY_NAME(.ctors.*))
 *(.ctors)
 *crtbegin.o(.dtors)
 *crtbegin?.o(.dtors)
 *(EXCLUDE_FILE(*crtend.o *crtend?.o) .dtors)
 *(SORT_BY_NAME(.dtors.*))
 *(.dtors)
 *(.rodata*)
 .rodata        0x0200c49c       0x13 ./src/hal_entry.o
 *fill*         0x0200c4af        0x1 ff
 .rodata        0x0200c4b0       0x17 ./rt-thread/src/components.o
 *fill*         0x0200c4c7        0x1 ff
 .rodata.__FUNCTION__.0
                0x0200c4c8       0x14 ./rt-thread/src/components.o
 .rodata        0x0200c4dc        0x8 ./rt-thread/src/idle.o
 .rodata        0x0200c4e4      0x506 ./rt-thread/src/ipc.o
 *fill*         0x0200c9ea        0x2 ff
 .rodata.__FUNCTION__.37
                0x0200c9ec        0xc ./rt-thread/src/ipc.o
 .rodata.__FUNCTION__.33
                0x0200c9f8        0xd ./rt-thread/src/ipc.o
 *fill*         0x0200ca05        0x3 ff
 .rodata.__FUNCTION__.32
                0x0200ca08       0x12 ./rt-thread/src/ipc.o
 *fill*         0x0200ca1a        0x2 ff
 .rodata.__FUNCTION__.31
                0x0200ca1c        0xf ./rt-thread/src/ipc.o
 *fill*         0x0200ca2b        0x1 ff
 .rodata.__FUNCTION__.29
                0x0200ca2c        0xe ./rt-thread/src/ipc.o
 *fill*         0x0200ca3a        0x2 ff
 .rodata.__FUNCTION__.25
                0x0200ca3c        0xf ./rt-thread/src/ipc.o
 *fill*         0x0200ca4b        0x1 ff
 .rodata.__FUNCTION__.24
                0x0200ca4c       0x11 ./rt-thread/src/ipc.o
 *fill*         0x0200ca5d        0x3 ff
 .rodata        0x0200ca60      0x2ff ./rt-thread/src/kservice.o
 *fill*         0x0200cd5f        0x1 ff
 .rodata.large_digits.4
                0x0200cd60       0x11 ./rt-thread/src/kservice.o
 *fill*         0x0200cd71        0x3 ff
 .rodata.small_digits.3
                0x0200cd74       0x11 ./rt-thread/src/kservice.o
 *fill*         0x0200cd85        0x3 ff
 .rodata.__FUNCTION__.1
                0x0200cd88       0x14 ./rt-thread/src/kservice.o
 .rodata.__FUNCTION__.0
                0x0200cd9c        0xd ./rt-thread/src/kservice.o
 *fill*         0x0200cda9        0x3 ff
 .rodata        0x0200cdac      0x153 ./rt-thread/src/memheap.o
 *fill*         0x0200ceff        0x1 ff
 .rodata.__FUNCTION__.5
                0x0200cf00       0x10 ./rt-thread/src/memheap.o
 .rodata.__FUNCTION__.3
                0x0200cf10       0x11 ./rt-thread/src/memheap.o
 *fill*         0x0200cf21        0x3 ff
 .rodata.__FUNCTION__.1
                0x0200cf24       0x10 ./rt-thread/src/memheap.o
 .rodata.__FUNCTION__.0
                0x0200cf34        0xf ./rt-thread/src/memheap.o
 *fill*         0x0200cf43        0x1 ff
 .rodata        0x0200cf44       0x91 ./rt-thread/src/object.o
 *fill*         0x0200cfd5        0x3 ff
 .rodata.__FUNCTION__.6
                0x0200cfd8        0xf ./rt-thread/src/object.o
 *fill*         0x0200cfe7        0x1 ff
 .rodata.__FUNCTION__.5
                0x0200cfe8       0x11 ./rt-thread/src/object.o
 *fill*         0x0200cff9        0x3 ff
 .rodata.__FUNCTION__.4
                0x0200cffc       0x13 ./rt-thread/src/object.o
 *fill*         0x0200d00f        0x1 ff
 .rodata.__FUNCTION__.3
                0x0200d010       0x11 ./rt-thread/src/object.o
 *fill*         0x0200d021        0x3 ff
 .rodata.__FUNCTION__.2
                0x0200d024       0x1a ./rt-thread/src/object.o
 *fill*         0x0200d03e        0x2 ff
 .rodata.__FUNCTION__.1
                0x0200d040       0x13 ./rt-thread/src/object.o
 *fill*         0x0200d053        0x1 ff
 .rodata.__FUNCTION__.0
                0x0200d054        0xf ./rt-thread/src/object.o
 *fill*         0x0200d063        0x1 ff
 .rodata        0x0200d064       0x65 ./rt-thread/src/scheduler_up.o
 *fill*         0x0200d0c9        0x3 ff
 .rodata.__FUNCTION__.2
                0x0200d0cc       0x17 ./rt-thread/src/scheduler_up.o
 *fill*         0x0200d0e3        0x1 ff
 .rodata.__FUNCTION__.1
                0x0200d0e4       0x1a ./rt-thread/src/scheduler_up.o
 *fill*         0x0200d0fe        0x2 ff
 .rodata.__FUNCTION__.0
                0x0200d100       0x1a ./rt-thread/src/scheduler_up.o
 *fill*         0x0200d11a        0x2 ff
 .rodata        0x0200d11c      0x25f ./rt-thread/src/thread.o
 *fill*         0x0200d37b        0x1 ff
 .rodata.__FUNCTION__.11
                0x0200d37c       0x10 ./rt-thread/src/thread.o
 .rodata.__FUNCTION__.10
                0x0200d38c        0xd ./rt-thread/src/thread.o
 *fill*         0x0200d399        0x3 ff
 .rodata.__FUNCTION__.9
                0x0200d39c        0xf ./rt-thread/src/thread.o
 *fill*         0x0200d3ab        0x1 ff
 .rodata.__FUNCTION__.8
                0x0200d3ac       0x12 ./rt-thread/src/thread.o
 *fill*         0x0200d3be        0x2 ff
 .rodata.__FUNCTION__.7
                0x0200d3c0       0x11 ./rt-thread/src/thread.o
 *fill*         0x0200d3d1        0x3 ff
 .rodata.__FUNCTION__.6
                0x0200d3d4       0x11 ./rt-thread/src/thread.o
 *fill*         0x0200d3e5        0x3 ff
 .rodata.__FUNCTION__.5
                0x0200d3e8       0x10 ./rt-thread/src/thread.o
 .rodata.__FUNCTION__.3
                0x0200d3f8       0x12 ./rt-thread/src/thread.o
 *fill*         0x0200d40a        0x2 ff
 .rodata.__FUNCTION__.2
                0x0200d40c       0x1c ./rt-thread/src/thread.o
 .rodata.__FUNCTION__.1
                0x0200d428       0x1c ./rt-thread/src/thread.o
 .rodata.__FUNCTION__.0
                0x0200d444       0x11 ./rt-thread/src/thread.o
 *fill*         0x0200d455        0x3 ff
 .rodata        0x0200d458      0x10e ./rt-thread/src/timer.o
 *fill*         0x0200d566        0x2 ff
 .rodata.__FUNCTION__.7
                0x0200d568        0xe ./rt-thread/src/timer.o
 *fill*         0x0200d576        0x2 ff
 .rodata.__FUNCTION__.6
                0x0200d578       0x10 ./rt-thread/src/timer.o
 .rodata.__FUNCTION__.3
                0x0200d588        0xf ./rt-thread/src/timer.o
 *fill*         0x0200d597        0x1 ff
 .rodata.__FUNCTION__.1
                0x0200d598        0xe ./rt-thread/src/timer.o
 *fill*         0x0200d5a6        0x2 ff
 .rodata.__FUNCTION__.0
                0x0200d5a8       0x11 ./rt-thread/src/timer.o
 *fill*         0x0200d5b9        0x3 ff
 .rodata        0x0200d5bc      0x2ce ./rt-thread/libcpu/arm/cortex-m85/cpuport.o
 *fill*         0x0200d88a        0x2 ff
 .rodata        0x0200d88c      0x860 ./rt-thread/components/finsh/cmd.o
 .rodata.name   0x0200e0ec       0x65 ./rt-thread/components/finsh/cmd.o
                0x0200e0ec                __fsym_clear_name
                0x0200e0f4                __fsym_clear_desc
                0x0200e110                __fsym_version_name
                0x0200e118                __fsym_version_desc
                0x0200e13c                __fsym_list_name
                0x0200e144                __fsym_list_desc
 *fill*         0x0200e151        0x3 ff
 .rodata.device_type_str
                0x0200e154       0x7c ./rt-thread/components/finsh/cmd.o
 .rodata        0x0200e1d0       0x88 ./rt-thread/components/finsh/msh.o
 .rodata.name   0x0200e258       0x6d ./rt-thread/components/finsh/msh.o
                0x0200e258                __fsym_help_name
                0x0200e260                __fsym_help_desc
                0x0200e278                __fsym_ps_name
                0x0200e27c                __fsym_ps_desc
                0x0200e298                __fsym_free_name
                0x0200e2a0                __fsym_free_desc
 *fill*         0x0200e2c5        0x3 ff
 .rodata.__FUNCTION__.0
                0x0200e2c8        0xe ./rt-thread/components/finsh/msh.o
 *fill*         0x0200e2d6        0x2 ff
 .rodata        0x0200e2d8       0x91 ./rt-thread/components/finsh/shell.o
 *fill*         0x0200e369        0x3 ff
 .rodata.__FUNCTION__.6
                0x0200e36c       0x16 ./rt-thread/components/finsh/shell.o
 *fill*         0x0200e382        0x2 ff
 .rodata.__FUNCTION__.5
                0x0200e384        0xe ./rt-thread/components/finsh/shell.o
 *fill*         0x0200e392        0x2 ff
 .rodata.__FUNCTION__.4
                0x0200e394        0xd ./rt-thread/components/finsh/shell.o
 *fill*         0x0200e3a1        0x3 ff
 .rodata.__FUNCTION__.3
                0x0200e3a4       0x11 ./rt-thread/components/finsh/shell.o
 *fill*         0x0200e3b5        0x3 ff
 .rodata        0x0200e3b8      0x1dd ./rt-thread/components/drivers/serial/serial_v2.o
 *fill*         0x0200e595        0x3 ff
 .rodata.__FUNCTION__.18
                0x0200e598       0x1c ./rt-thread/components/drivers/serial/serial_v2.o
 .rodata.__FUNCTION__.17
                0x0200e5b4       0x1c ./rt-thread/components/drivers/serial/serial_v2.o
 .rodata.__FUNCTION__.16
                0x0200e5d0       0x1d ./rt-thread/components/drivers/serial/serial_v2.o
 *fill*         0x0200e5ed        0x3 ff
 .rodata.__FUNCTION__.15
                0x0200e5f0       0x10 ./rt-thread/components/drivers/serial/serial_v2.o
 .rodata.__FUNCTION__.14
                0x0200e600       0x10 ./rt-thread/components/drivers/serial/serial_v2.o
 .rodata.__FUNCTION__.13
                0x0200e610       0x10 ./rt-thread/components/drivers/serial/serial_v2.o
 .rodata.__FUNCTION__.12
                0x0200e620       0x1e ./rt-thread/components/drivers/serial/serial_v2.o
 *fill*         0x0200e63e        0x2 ff
 .rodata.__FUNCTION__.11
                0x0200e640       0x1d ./rt-thread/components/drivers/serial/serial_v2.o
 *fill*         0x0200e65d        0x3 ff
 .rodata.__FUNCTION__.10
                0x0200e660       0x1c ./rt-thread/components/drivers/serial/serial_v2.o
 .rodata.__FUNCTION__.9
                0x0200e67c       0x14 ./rt-thread/components/drivers/serial/serial_v2.o
 .rodata.__FUNCTION__.8
                0x0200e690       0x14 ./rt-thread/components/drivers/serial/serial_v2.o
 .rodata.__FUNCTION__.7
                0x0200e6a4       0x15 ./rt-thread/components/drivers/serial/serial_v2.o
 *fill*         0x0200e6b9        0x3 ff
 .rodata.__FUNCTION__.6
                0x0200e6bc       0x15 ./rt-thread/components/drivers/serial/serial_v2.o
 *fill*         0x0200e6d1        0x3 ff
 .rodata.__FUNCTION__.5
                0x0200e6d4        0xf ./rt-thread/components/drivers/serial/serial_v2.o
 *fill*         0x0200e6e3        0x1 ff
 .rodata.__FUNCTION__.4
                0x0200e6e4        0xf ./rt-thread/components/drivers/serial/serial_v2.o
 *fill*         0x0200e6f3        0x1 ff
 .rodata.__FUNCTION__.3
                0x0200e6f4       0x10 ./rt-thread/components/drivers/serial/serial_v2.o
 .rodata.__FUNCTION__.2
                0x0200e704       0x12 ./rt-thread/components/drivers/serial/serial_v2.o
 *fill*         0x0200e716        0x2 ff
 .rodata.__FUNCTION__.1
                0x0200e718       0x16 ./rt-thread/components/drivers/serial/serial_v2.o
 *fill*         0x0200e72e        0x2 ff
 .rodata.__FUNCTION__.0
                0x0200e730       0x11 ./rt-thread/components/drivers/serial/serial_v2.o
 *fill*         0x0200e741        0x3 ff
 .rodata        0x0200e744      0x2a2 ./rt-thread/components/drivers/misc/pin.o
 *fill*         0x0200e9e6        0x2 ff
 .rodata.name   0x0200e9e8       0x11 ./rt-thread/components/drivers/misc/pin.o
                0x0200e9e8                __fsym_pin_name
                0x0200e9ec                __fsym_pin_desc
 *fill*         0x0200e9f9        0x3 ff
 .rodata.__FUNCTION__.9
                0x0200e9fc        0xa ./rt-thread/components/drivers/misc/pin.o
 *fill*         0x0200ea06        0x2 ff
 .rodata.__FUNCTION__.8
                0x0200ea08        0xb ./rt-thread/components/drivers/misc/pin.o
 *fill*         0x0200ea13        0x1 ff
 .rodata.__FUNCTION__.7
                0x0200ea14        0xd ./rt-thread/components/drivers/misc/pin.o
 *fill*         0x0200ea21        0x3 ff
 .rodata.__FUNCTION__.3
                0x0200ea24        0xc ./rt-thread/components/drivers/misc/pin.o
 .rodata.__FUNCTION__.2
                0x0200ea30        0xd ./rt-thread/components/drivers/misc/pin.o
 *fill*         0x0200ea3d        0x3 ff
 .rodata.__FUNCTION__.1
                0x0200ea40        0xc ./rt-thread/components/drivers/misc/pin.o
 .rodata.__FUNCTION__.0
                0x0200ea4c        0xb ./rt-thread/components/drivers/misc/pin.o
 *fill*         0x0200ea57        0x1 ff
 .rodata        0x0200ea58       0xff ./rt-thread/components/drivers/ipc/completion.o
 *fill*         0x0200eb57        0x1 ff
 .rodata.__FUNCTION__.2
                0x0200eb58       0x13 ./rt-thread/components/drivers/ipc/completion.o
 *fill*         0x0200eb6b        0x1 ff
 .rodata.__FUNCTION__.1
                0x0200eb6c       0x13 ./rt-thread/components/drivers/ipc/completion.o
 *fill*         0x0200eb7f        0x1 ff
 .rodata.__FUNCTION__.0
                0x0200eb80       0x13 ./rt-thread/components/drivers/ipc/completion.o
 *fill*         0x0200eb93        0x1 ff
 .rodata        0x0200eb94       0x19 ./rt-thread/components/drivers/ipc/ringbuffer.o
 *fill*         0x0200ebad        0x3 ff
 .rodata.__FUNCTION__.10
                0x0200ebb0       0x13 ./rt-thread/components/drivers/ipc/ringbuffer.o
 *fill*         0x0200ebc3        0x1 ff
 .rodata.__FUNCTION__.9
                0x0200ebc4       0x12 ./rt-thread/components/drivers/ipc/ringbuffer.o
 *fill*         0x0200ebd6        0x2 ff
 .rodata.__FUNCTION__.7
                0x0200ebd8       0x12 ./rt-thread/components/drivers/ipc/ringbuffer.o
 *fill*         0x0200ebea        0x2 ff
 .rodata.__FUNCTION__.5
                0x0200ebec       0x16 ./rt-thread/components/drivers/ipc/ringbuffer.o
 *fill*         0x0200ec02        0x2 ff
 .rodata        0x0200ec04      0x114 ./rt-thread/components/drivers/core/device.o
 .rodata.__FUNCTION__.6
                0x0200ed18        0xf ./rt-thread/components/drivers/core/device.o
 *fill*         0x0200ed27        0x1 ff
 .rodata.__FUNCTION__.5
                0x0200ed28       0x10 ./rt-thread/components/drivers/core/device.o
 .rodata.__FUNCTION__.4
                0x0200ed38        0xf ./rt-thread/components/drivers/core/device.o
 *fill*         0x0200ed47        0x1 ff
 .rodata.__FUNCTION__.3
                0x0200ed48       0x10 ./rt-thread/components/drivers/core/device.o
 .rodata.__FUNCTION__.1
                0x0200ed58       0x1a ./rt-thread/components/drivers/core/device.o
 *fill*         0x0200ed72        0x2 ff
 .rodata.g_ioport
                0x0200ed74        0xc ./ra_gen/common_data.o
                0x0200ed74                g_ioport
 .rodata.g_uart9_cfg_extend
                0x0200ed80       0x14 ./ra_gen/hal_data.o
                0x0200ed80                g_uart9_cfg_extend
 .rodata.g_uart9_cfg
                0x0200ed94       0x20 ./ra_gen/hal_data.o
                0x0200ed94                g_uart9_cfg
 .rodata.g_bsp_pin_cfg_data
                0x0200edb4      0x398 ./ra_gen/pin_data.o
                0x0200edb4                g_bsp_pin_cfg_data
 .rodata.g_bsp_pin_cfg
                0x0200f14c        0xc ./ra_gen/pin_data.o
                0x0200f14c                g_bsp_pin_cfg
 .rodata.g_interrupt_event_link_select
                0x0200f158       0xc0 ./ra_gen/vector_data.o
                0x0200f158                g_interrupt_event_link_select
 .rodata.g_ioport_on_ioport
                0x0200f218       0x34 ./ra/fsp/src/r_ioport/r_ioport.o
                0x0200f218                g_ioport_on_ioport
 .rodata.g_vbatt_pins_input
                0x0200f24c        0x6 ./ra/fsp/src/r_ioport/r_ioport.o
 *fill*         0x0200f252        0x2 ff
 .rodata.g_prcr_masks
                0x0200f254        0x8 ./ra/fsp/src/bsp/mcu/all/bsp_register_protection.o
 .rodata.name   0x0200f25c       0x16 ./libraries/HAL_Drivers/drv_common.o
                0x0200f25c                __fsym_reboot_name
                0x0200f264                __fsym_reboot_desc
 *fill*         0x0200f272        0x2 ff
 .rodata        0x0200f274        0x6 ./libraries/HAL_Drivers/drv_common.o
 *fill*         0x0200f27a        0x2 ff
 .rodata        0x0200f27c       0xc0 ./libraries/HAL_Drivers/drv_gpio.o
 .rodata._ra_pin_ops
                0x0200f33c       0x1c ./libraries/HAL_Drivers/drv_gpio.o
 .rodata        0x0200f358       0x7d ./libraries/HAL_Drivers/drv_usart_v2.o
 *fill*         0x0200f3d5        0x3 ff
 .rodata.ra_uart_ops
                0x0200f3d8       0x14 ./libraries/HAL_Drivers/drv_usart_v2.o
 .rodata.__FUNCTION__.4
                0x0200f3ec       0x12 ./libraries/HAL_Drivers/drv_usart_v2.o
 *fill*         0x0200f3fe        0x2 ff
 .rodata.__FUNCTION__.3
                0x0200f400        0xd ./libraries/HAL_Drivers/drv_usart_v2.o
 *fill*         0x0200f40d        0x3 ff
 .rodata.__FUNCTION__.2
                0x0200f410       0x11 ./libraries/HAL_Drivers/drv_usart_v2.o
 *fill*         0x0200f421        0x3 ff
 .rodata.__FUNCTION__.1
                0x0200f424       0x14 ./libraries/HAL_Drivers/drv_usart_v2.o
 .rodata.__FUNCTION__.0
                0x0200f438       0x11 ./libraries/HAL_Drivers/drv_usart_v2.o
 *fill*         0x0200f449        0x3 ff
 .rodata        0x0200f44c       0x6a ./board/ports/drv_sdram.o
 *fill*         0x0200f4b6        0x2 ff
 .rodata._ctype_
                0x0200f4b8      0x101 c:/rt-threadstudio/repo/extract/toolchain_support_packages/arm/gnu_tools_for_arm_embedded_processors/10.2.1/bin/../lib/gcc/arm-none-eabi/10.2.1/../../../../arm-none-eabi/lib/thumb/v8-m.main+dp/hard\libc.a(lib_a-ctype_.o)
                0x0200f4b8                _ctype_
 *fill*         0x0200f5b9        0x3 ff
 .rodata._global_impure_ptr
                0x0200f5bc        0x4 c:/rt-threadstudio/repo/extract/toolchain_support_packages/arm/gnu_tools_for_arm_embedded_processors/10.2.1/bin/../lib/gcc/arm-none-eabi/10.2.1/../../../../arm-none-eabi/lib/thumb/v8-m.main+dp/hard\libc.a(lib_a-impure.o)
                0x0200f5bc                _global_impure_ptr
                0x0200f5c0                __usb_dev_descriptor_start_fs = .
 *(.usb_device_desc_fs*)
                0x0200f5c0                __usb_cfg_descriptor_start_fs = .
 *(.usb_config_desc_fs*)
                0x0200f5c0                __usb_interface_descriptor_start_fs = .
 *(.usb_interface_desc_fs*)
                0x0200f5c0                __usb_descriptor_end_fs = .
                0x0200f5c0                __usb_dev_descriptor_start_hs = .
 *(.usb_device_desc_hs*)
                0x0200f5c0                __usb_cfg_descriptor_start_hs = .
 *(.usb_config_desc_hs*)
                0x0200f5c0                __usb_interface_descriptor_start_hs = .
 *(.usb_interface_desc_hs*)
                0x0200f5c0                __usb_descriptor_end_hs = .
 *(.eh_frame*)
 .eh_frame      0x0200f5c0        0x0 c:/rt-threadstudio/repo/extract/toolchain_support_packages/arm/gnu_tools_for_arm_embedded_processors/10.2.1/bin/../lib/gcc/arm-none-eabi/10.2.1/thumb/v8-m.main+dp/hard/crtbegin.o
 .eh_frame      0x0200f5c0        0x4 c:/rt-threadstudio/repo/extract/toolchain_support_packages/arm/gnu_tools_for_arm_embedded_processors/10.2.1/bin/../lib/gcc/arm-none-eabi/10.2.1/thumb/v8-m.main+dp/hard/crtend.o
                [!provide]                PROVIDE (__ctors_start__ = .)
 *(SORT_BY_NAME(.init_array.*))
 .init_array.00000
                0x0200f5c4        0x4 c:/rt-threadstudio/repo/extract/toolchain_support_packages/arm/gnu_tools_for_arm_embedded_processors/10.2.1/bin/../lib/gcc/arm-none-eabi/10.2.1/../../../../arm-none-eabi/lib/thumb/v8-m.main+dp/hard\libc.a(lib_a-__call_atexit.o)
 *(.init_array)
 .init_array    0x0200f5c8        0x4 c:/rt-threadstudio/repo/extract/toolchain_support_packages/arm/gnu_tools_for_arm_embedded_processors/10.2.1/bin/../lib/gcc/arm-none-eabi/10.2.1/thumb/v8-m.main+dp/hard/crtbegin.o
                [!provide]                PROVIDE (__ctors_end__ = .)
                0x0200f5cc                . = ALIGN (0x4)
                0x0200f5cc                __ROM_End = .
                0x000001c0                __Vectors_Size = (__Vectors_End - __Vectors)

.glue_7         0x0200f5cc        0x0
 .glue_7        0x0200f5cc        0x0 linker stubs

.glue_7t        0x0200f5cc        0x0
 .glue_7t       0x0200f5cc        0x0 linker stubs

.vfp11_veneer   0x0200f5cc        0x0
 .vfp11_veneer  0x0200f5cc        0x0 linker stubs

.v4_bx          0x0200f5cc        0x0
 .v4_bx         0x0200f5cc        0x0 linker stubs

.iplt           0x0200f5cc        0x0
 .iplt          0x0200f5cc        0x0 c:/rt-threadstudio/repo/extract/toolchain_support_packages/arm/gnu_tools_for_arm_embedded_processors/10.2.1/bin/../lib/gcc/arm-none-eabi/10.2.1/thumb/v8-m.main+dp/hard/crtbegin.o
                0x0200f5cc                . = .
                0x0200f5cc                __itcm_data_pre_location = .

.itcm_data      0x00000000        0x0 load address 0x0200f5d0
                0x00000000                __tz_ITCM_S = ABSOLUTE (ITCM_START)
                0x00000000                __itcm_data_start = .
 *(.itcm_data*)
                0x00000000                . = ALIGN (0x8)
                0x00000000                __itcm_data_end = .
                0x00000000                __tz_ITCM_N = DEFINED (ITCM_NS_START)?ABSOLUTE (ITCM_NS_START):ALIGN (__itcm_data_end, 0x2000)
                0x0200f5d0                __itcm_data_init_start = LOADADDR (.itcm_data)
                0x0200f5d0                __itcm_data_init_end = (LOADADDR (.itcm_data) + SIZEOF (.itcm_data))
                0x00000001                ASSERT (((ORIGIN (ITCM) % 0x8) == 0x0), ITCM memory region origin must be aligned to 8 bytes.)
                0x00000001                ASSERT (((LENGTH (ITCM) % 0x8) == 0x0), ITCM memory region length must be a multiple of 8 bytes.)
                0x00000001                ASSERT (((LOADADDR (.itcm_data) % 0x10) == 0x0), .itcm_data section must be aligned to 16 bytes.)
                0x00000001                ASSERT (((SIZEOF (.itcm_data) % 0x8) == 0x0), .itcm_data section size must be a multiple of 8 bytes.)
                0x0200f5cc                . = (SIZEOF (.itcm_data) > 0x0)?__itcm_data_init_end:__itcm_data_pre_location
                0x0200f5cc                __exidx_start = .

/DISCARD/
 *(.ARM.extab* .gnu.linkonce.armextab.*)
 *(.ARM.exidx* .gnu.linkonce.armexidx.*)
                0x0200f5cc                __exidx_end = .
                0x0200f5cc                __etext = .
                0x22000000                __tz_RAM_S = ORIGIN (RAM)

.fsp_dtc_vector_table
                0x22000000        0x0
                0x22000000                . = ORIGIN (RAM)
 *(.fsp_dtc_vector_table)

.data           0x22000000      0x610 load address 0x0200f5cc
                0x22000000                __data_start__ = .
                0x22000000                . = ALIGN (0x4)
                0x22000000                __Code_In_RAM_Start = .
 *(.code_in_ram*)
                0x22000000                __Code_In_RAM_End = .
 *(vtable)
 *(.data.*)
 .data._rt_thread_defunct
                0x22000000        0x8 ./rt-thread/src/idle.o
 .data.rt_errno_strs
                0x22000008       0x78 ./rt-thread/src/kservice.o
 .data._object_container
                0x22000080       0xc0 ./rt-thread/src/object.o
 .data._soft_timer_status
                0x22000140        0x1 ./rt-thread/src/timer.o
 *fill*         0x22000141        0x3 
 .data.cmd_list_msh_options
                0x22000144       0x84 ./rt-thread/components/finsh/cmd.o
 .data.g_uart9_baud_setting
                0x220001c8        0x4 ./ra_gen/hal_data.o
                0x220001c8                g_uart9_baud_setting
 .data.uart_config
                0x220001cc        0xc ./libraries/HAL_Drivers/drv_usart_v2.o
 .data._impure_ptr
                0x220001d8        0x4 c:/rt-threadstudio/repo/extract/toolchain_support_packages/arm/gnu_tools_for_arm_embedded_processors/10.2.1/bin/../lib/gcc/arm-none-eabi/10.2.1/../../../../arm-none-eabi/lib/thumb/v8-m.main+dp/hard\libc.a(lib_a-impure.o)
                0x220001d8                _impure_ptr
 *fill*         0x220001dc        0x4 
 .data.impure_data
                0x220001e0      0x428 c:/rt-threadstudio/repo/extract/toolchain_support_packages/arm/gnu_tools_for_arm_embedded_processors/10.2.1/bin/../lib/gcc/arm-none-eabi/10.2.1/../../../../arm-none-eabi/lib/thumb/v8-m.main+dp/hard\libc.a(lib_a-impure.o)
 .data.__atexit_recursive_mutex
                0x22000608        0x4 c:/rt-threadstudio/repo/extract/toolchain_support_packages/arm/gnu_tools_for_arm_embedded_processors/10.2.1/bin/../lib/gcc/arm-none-eabi/10.2.1/../../../../arm-none-eabi/lib/thumb/v8-m.main+dp/hard\libc.a(lib_a-__call_atexit.o)
                0x22000608                __atexit_recursive_mutex
 *(.data)